Archive member included to satisfy reference by file (symbol)

C:/MaximSDK/Libraries/PeriphDrivers/bin/MAX78000/softfp/libPeriphDriver_softfp.a(mxc_delay.o)
                              c:/MaximSDK/Examples/MAX78000/CNN/rps-demo/build/main.o (MXC_Delay)
C:/MaximSDK/Libraries/PeriphDrivers/bin/MAX78000/softfp/libPeriphDriver_softfp.a(nvic_table.o)
                              c:/MaximSDK/Examples/MAX78000/CNN/rps-demo/build/cnn.o (MXC_NVIC_SetVector)
C:/MaximSDK/Libraries/PeriphDrivers/bin/MAX78000/softfp/libPeriphDriver_softfp.a(pins_ai85.o)
                              c:/MaximSDK/Examples/MAX78000/CNN/rps-demo/build/camera.o (gpio_cfg_pcif_xclk)
C:/MaximSDK/Libraries/PeriphDrivers/bin/MAX78000/softfp/libPeriphDriver_softfp.a(sys_ai85.o)
                              c:/MaximSDK/Examples/MAX78000/CNN/rps-demo/build/cnn.o (MXC_SYS_ClockDisable)
C:/MaximSDK/Libraries/PeriphDrivers/bin/MAX78000/softfp/libPeriphDriver_softfp.a(aes_me17.o)
                              C:/MaximSDK/Libraries/PeriphDrivers/bin/MAX78000/softfp/libPeriphDriver_softfp.a(sys_ai85.o) (MXC_AES_Init)
C:/MaximSDK/Libraries/PeriphDrivers/bin/MAX78000/softfp/libPeriphDriver_softfp.a(aes_revb.o)
                              C:/MaximSDK/Libraries/PeriphDrivers/bin/MAX78000/softfp/libPeriphDriver_softfp.a(aes_me17.o) (MXC_AES_RevB_Init)
C:/MaximSDK/Libraries/PeriphDrivers/bin/MAX78000/softfp/libPeriphDriver_softfp.a(cameraif_ai85.o)
                              c:/MaximSDK/Examples/MAX78000/CNN/rps-demo/build/camera.o (MXC_PCIF_Init)
C:/MaximSDK/Libraries/PeriphDrivers/bin/MAX78000/softfp/libPeriphDriver_softfp.a(cameraif_reva.o)
                              C:/MaximSDK/Libraries/PeriphDrivers/bin/MAX78000/softfp/libPeriphDriver_softfp.a(cameraif_ai85.o) (MXC_PCIF_RevA_SetDatawidth)
C:/MaximSDK/Libraries/PeriphDrivers/bin/MAX78000/softfp/libPeriphDriver_softfp.a(dma_me17.o)
                              c:/MaximSDK/Examples/MAX78000/CNN/rps-demo/build/main.o (MXC_DMA_Init)
C:/MaximSDK/Libraries/PeriphDrivers/bin/MAX78000/softfp/libPeriphDriver_softfp.a(dma_reva.o)
                              C:/MaximSDK/Libraries/PeriphDrivers/bin/MAX78000/softfp/libPeriphDriver_softfp.a(dma_me17.o) (MXC_DMA_RevA_Init)
C:/MaximSDK/Libraries/PeriphDrivers/bin/MAX78000/softfp/libPeriphDriver_softfp.a(flc_me17.o)
                              C:/MaximSDK/Libraries/PeriphDrivers/bin/MAX78000/softfp/libPeriphDriver_softfp.a(sys_ai85.o) (MXC_FLC_UnlockInfoBlock)
C:/MaximSDK/Libraries/PeriphDrivers/bin/MAX78000/softfp/libPeriphDriver_softfp.a(flc_reva.o)
                              C:/MaximSDK/Libraries/PeriphDrivers/bin/MAX78000/softfp/libPeriphDriver_softfp.a(flc_me17.o) (MXC_FLC_RevA_Busy)
C:/MaximSDK/Libraries/PeriphDrivers/bin/MAX78000/softfp/libPeriphDriver_softfp.a(gpio_ai85.o)
                              c:/MaximSDK/Examples/MAX78000/CNN/rps-demo/build/cnn.o (MXC_GPIO_Config)
C:/MaximSDK/Libraries/PeriphDrivers/bin/MAX78000/softfp/libPeriphDriver_softfp.a(gpio_reva.o)
                              C:/MaximSDK/Libraries/PeriphDrivers/bin/MAX78000/softfp/libPeriphDriver_softfp.a(gpio_ai85.o) (MXC_GPIO_RevA_InGet)
C:/MaximSDK/Libraries/PeriphDrivers/bin/MAX78000/softfp/libPeriphDriver_softfp.a(i2c_me17.o)
                              c:/MaximSDK/Examples/MAX78000/CNN/rps-demo/build/max20303.o (MXC_I2C_Init)
C:/MaximSDK/Libraries/PeriphDrivers/bin/MAX78000/softfp/libPeriphDriver_softfp.a(i2c_reva.o)
                              C:/MaximSDK/Libraries/PeriphDrivers/bin/MAX78000/softfp/libPeriphDriver_softfp.a(i2c_me17.o) (MXC_I2C_RevA_DMACallback)
C:/MaximSDK/Libraries/PeriphDrivers/bin/MAX78000/softfp/libPeriphDriver_softfp.a(icc_me17.o)
                              c:/MaximSDK/Examples/MAX78000/CNN/rps-demo/build/main.o (MXC_ICC_Enable)
C:/MaximSDK/Libraries/PeriphDrivers/bin/MAX78000/softfp/libPeriphDriver_softfp.a(icc_reva.o)
                              C:/MaximSDK/Libraries/PeriphDrivers/bin/MAX78000/softfp/libPeriphDriver_softfp.a(icc_me17.o) (MXC_ICC_RevA_ID)
C:/MaximSDK/Libraries/PeriphDrivers/bin/MAX78000/softfp/libPeriphDriver_softfp.a(pt_ai85.o)
                              c:/MaximSDK/Examples/MAX78000/CNN/rps-demo/build/camera.o (MXC_PT_Init)
C:/MaximSDK/Libraries/PeriphDrivers/bin/MAX78000/softfp/libPeriphDriver_softfp.a(pt_reva.o)
                              C:/MaximSDK/Libraries/PeriphDrivers/bin/MAX78000/softfp/libPeriphDriver_softfp.a(pt_ai85.o) (MXC_PT_RevA_Init)
C:/MaximSDK/Libraries/PeriphDrivers/bin/MAX78000/softfp/libPeriphDriver_softfp.a(spi_me17.o)
                              c:/MaximSDK/Examples/MAX78000/CNN/rps-demo/build/tft_ili9341.o (MXC_SPI_Init)
C:/MaximSDK/Libraries/PeriphDrivers/bin/MAX78000/softfp/libPeriphDriver_softfp.a(spi_reva1.o)
                              C:/MaximSDK/Libraries/PeriphDrivers/bin/MAX78000/softfp/libPeriphDriver_softfp.a(spi_me17.o) (MXC_SPI_RevA1_Init)
C:/MaximSDK/Libraries/PeriphDrivers/bin/MAX78000/softfp/libPeriphDriver_softfp.a(trng_revb.o)
[...]
Memory Configuration

Name             Origin             Length             Attributes
ROM              0x00000000         0x00010000         xr
FLASH            0x10000000         0x00080000         xr
SRAM             0x20000000         0x00020000         xrw
*default*        0x00000000         0xffffffff

Linker script and memory map

LOAD c:/maximsdk/tools/gnutools/10.3/bin/../lib/gcc/arm-none-eabi/10.3.1/thumb/v7e-m+fp/softfp/crti.o
LOAD c:/maximsdk/tools/gnutools/10.3/bin/../lib/gcc/arm-none-eabi/10.3.1/thumb/v7e-m+fp/softfp/crtbegin.o
LOAD c:/maximsdk/tools/gnutools/10.3/bin/../lib/gcc/arm-none-eabi/10.3.1/../../../../arm-none-eabi/lib/thumb/v7e-m+fp/softfp/crt0.o
LOAD c:/MaximSDK/Examples/MAX78000/CNN/rps-demo/build/Arial12x12.o
LOAD c:/MaximSDK/Examples/MAX78000/CNN/rps-demo/build/Arial24x23.o
LOAD c:/MaximSDK/Examples/MAX78000/CNN/rps-demo/build/Arial28x28.o
LOAD c:/MaximSDK/Examples/MAX78000/CNN/rps-demo/build/SansSerif16x16.o
LOAD c:/MaximSDK/Examples/MAX78000/CNN/rps-demo/build/SansSerif19x19.o
LOAD c:/MaximSDK/Examples/MAX78000/CNN/rps-demo/build/img_1_rgb565.o
LOAD c:/MaximSDK/Examples/MAX78000/CNN/rps-demo/build/logo_rgb565.o
LOAD c:/MaximSDK/Examples/MAX78000/CNN/rps-demo/build/cnn.o
LOAD c:/MaximSDK/Examples/MAX78000/CNN/rps-demo/build/main.o
LOAD c:/MaximSDK/Examples/MAX78000/CNN/rps-demo/build/softmax.o
LOAD c:/MaximSDK/Examples/MAX78000/CNN/rps-demo/build/board.o
LOAD c:/MaximSDK/Examples/MAX78000/CNN/rps-demo/build/stdio.o
LOAD c:/MaximSDK/Examples/MAX78000/CNN/rps-demo/build/led.o
LOAD c:/MaximSDK/Examples/MAX78000/CNN/rps-demo/build/pb.o
LOAD c:/MaximSDK/Examples/MAX78000/CNN/rps-demo/build/tft_ili9341.o
LOAD c:/MaximSDK/Examples/MAX78000/CNN/rps-demo/build/camera.o
LOAD c:/MaximSDK/Examples/MAX78000/CNN/rps-demo/build/ov7692.o
LOAD c:/MaximSDK/Examples/MAX78000/CNN/rps-demo/build/sccb.o
LOAD c:/MaximSDK/Examples/MAX78000/CNN/rps-demo/build/max20303.o
LOAD c:/MaximSDK/Examples/MAX78000/CNN/rps-demo/build/max9867.o
LOAD c:/MaximSDK/Examples/MAX78000/CNN/rps-demo/build/startup_max78000.o
LOAD c:/MaximSDK/Examples/MAX78000/CNN/rps-demo/build/heap.o
LOAD c:/MaximSDK/Examples/MAX78000/CNN/rps-demo/build/system_max78000.o
START GROUP
LOAD C:/MaximSDK/Libraries/PeriphDrivers/bin/MAX78000/softfp/libPeriphDriver_softfp.a
LOAD c:/maximsdk/tools/gnutools/10.3/bin/../lib/gcc/arm-none-eabi/10.3.1/../../../../arm-none-eabi/lib/thumb/v7e-m+fp/softfp\libc.a
LOAD c:/maximsdk/tools/gnutools/10.3/bin/../lib/gcc/arm-none-eabi/10.3.1/../../../../arm-none-eabi/lib/thumb/v7e-m+fp/softfp\libm.a
LOAD c:/maximsdk/tools/gnutools/10.3/bin/../lib/gcc/arm-none-eabi/10.3.1/../../../../arm-none-eabi/lib/thumb/v7e-m+fp/softfp\libnosys.a
END GROUP
START GROUP
LOAD c:/maximsdk/tools/gnutools/10.3/bin/../lib/gcc/arm-none-eabi/10.3.1/thumb/v7e-m+fp/softfp\libgcc.a
LOAD c:/maximsdk/tools/gnutools/10.3/bin/../lib/gcc/arm-none-eabi/10.3.1/../../../../arm-none-eabi/lib/thumb/v7e-m+fp/softfp\libc.a
END GROUP
LOAD c:/maximsdk/tools/gnutools/10.3/bin/../lib/gcc/arm-none-eabi/10.3.1/thumb/v7e-m+fp/softfp/crtend.o
LOAD c:/maximsdk/tools/gnutools/10.3/bin/../lib/gcc/arm-none-eabi/10.3.1/thumb/v7e-m+fp/softfp/crtn.o

.rom
 *(.rom_vector)
 *(.rom_handlers*)

.text           0x10000000    0x1fc4c
                0x10000000                _text = .
 *(.isr_vector)
 .isr_vector    0x10000000      0x1e0 c:/MaximSDK/Examples/MAX78000/CNN/rps-demo/build/startup_max78000.o
                0x10000000                __isr_vector
 EXCLUDE_FILE(*riscv.o) *(.text*)
 .text          0x100001e0       0x40 c:/maximsdk/tools/gnutools/10.3/bin/../lib/gcc/arm-none-eabi/10.3.1/thumb/v7e-m+fp/softfp/crtbegin.o
 .text.CNN_ISR  0x10000220       0x50 c:/MaximSDK/Examples/MAX78000/CNN/rps-demo/build/cnn.o
                0x10000220                CNN_ISR
 .text.memcpy32
                0x10000270       0x1c c:/MaximSDK/Examples/MAX78000/CNN/rps-demo/build/cnn.o
                0x10000270                memcpy32
 .text.cnn_load_weights
                0x1000028c      0xcd0 c:/MaximSDK/Examples/MAX78000/CNN/rps-demo/build/cnn.o
                0x1000028c                cnn_load_weights
 .text.cnn_load_bias
                0x10000f5c       0x14 c:/MaximSDK/Examples/MAX78000/CNN/rps-demo/build/cnn.o
                0x10000f5c                cnn_load_bias
 .text.cnn_init
                0x10000f70       0x54 c:/MaximSDK/Examples/MAX78000/CNN/rps-demo/build/cnn.o
                0x10000f70                cnn_init
 .text.cnn_configure
                0x10000fc4      0x758 c:/MaximSDK/Examples/MAX78000/CNN/rps-demo/build/cnn.o
                0x10000fc4                cnn_configure
 .text.cnn_start
                0x1000171c       0x50 c:/MaximSDK/Examples/MAX78000/CNN/rps-demo/build/cnn.o
                0x1000171c                cnn_start
 .text.cnn_unload
                0x1000176c       0x18 c:/MaximSDK/Examples/MAX78000/CNN/rps-demo/build/cnn.o
                0x1000176c                cnn_unload
 .text.cnn_enable
                0x10001784       0x3c c:/MaximSDK/Examples/MAX78000/CNN/rps-demo/build/cnn.o
                0x10001784                cnn_enable
 .text.load_input
                0x100017c0       0x48 c:/MaximSDK/Examples/MAX78000/CNN/rps-demo/build/main.o
                0x100017c0                load_input
 .text.process_camera_img
                0x10001808       0x70 c:/MaximSDK/Examples/MAX78000/CNN/rps-demo/build/main.o
                0x10001808                process_camera_img
 .text.convert_img_signed_to_unsigned
                0x10001878       0x24 c:/MaximSDK/Examples/MAX78000/CNN/rps-demo/build/main.o
                0x10001878                convert_img_signed_to_unsigned
 .text.check_winner
                0x1000189c       0x50 c:/MaximSDK/Examples/MAX78000/CNN/rps-demo/build/main.o
                0x1000189c                check_winner
 .text.startup.main
                0x100018ec      0x3b8 c:/MaximSDK/Examples/MAX78000/CNN/rps-demo/build/main.o
                0x100018ec                main
 .text.softmax_q17p14_q15
                0x10001ca4       0xa8 c:/MaximSDK/Examples/MAX78000/CNN/rps-demo/build/softmax.o
                0x10001ca4                softmax_q17p14_q15
 .text.mxc_assert
                0x10001d4c       0x10 c:/MaximSDK/Examples/MAX78000/CNN/rps-demo/build/board.o
                0x10001d4c                mxc_assert
 .text.GPIO0_IRQHandler
                0x10001d5c        0x8 c:/MaximSDK/Examples/MAX78000/CNN/rps-demo/build/board.o
                0x10001d5c                GPIO0_IRQHandler
 .text.GPIO1_IRQHandler
                0x10001d64        0x8 c:/MaximSDK/Examples/MAX78000/CNN/rps-demo/build/board.o
                0x10001d64                GPIO1_IRQHandler
 .text.Board_Init
                0x10001d6c       0x6c c:/MaximSDK/Examples/MAX78000/CNN/rps-demo/build/board.o
                0x10001d6c                Board_Init
 .text.NMI_Handler
                0x10001dd8        0x4 c:/MaximSDK/Examples/MAX78000/CNN/rps-demo/build/board.o
                0x10001dd8                NMI_Handler
 .text.Camera_Power
                0x10001ddc       0x1c c:/MaximSDK/Examples/MAX78000/CNN/rps-demo/build/board.o
                0x10001ddc                Camera_Power
 .text._close   0x10001df8        0x8 c:/MaximSDK/Examples/MAX78000/CNN/rps-demo/build/stdio.o
                0x10001df8                _close
 .text._isatty  0x10001e00        0x8 c:/MaximSDK/Examples/MAX78000/CNN/rps-demo/build/stdio.o
                0x10001e00                _isatty
 .text._lseek   0x10001e08        0x8 c:/MaximSDK/Examples/MAX78000/CNN/rps-demo/build/stdio.o
                0x10001e08                _lseek
 .text._fstat   0x10001e10        0x8 c:/MaximSDK/Examples/MAX78000/CNN/rps-demo/build/stdio.o
                0x10001e10                _fstat
 .text._read    0x10001e18       0x50 c:/MaximSDK/Examples/MAX78000/CNN/rps-demo/build/stdio.o
                0x10001e18                _read
 .text._write   0x10001e68       0x54 c:/MaximSDK/Examples/MAX78000/CNN/rps-demo/build/stdio.o
                0x10001e68                _write
 .text.LED_Init
                0x10001ebc       0x40 c:/MaximSDK/Examples/MAX78000/CNN/rps-demo/build/led.o
                0x10001ebc                LED_Init
 .text.LED_On   0x10001efc       0x40 c:/MaximSDK/Examples/MAX78000/CNN/rps-demo/build/led.o
                0x10001efc                LED_On
 .text.LED_Off  0x10001f3c       0x40 c:/MaximSDK/Examples/MAX78000/CNN/rps-demo/build/led.o
                0x10001f3c                LED_Off
 .text.PB_Init  0x10001f7c       0x38 c:/MaximSDK/Examples/MAX78000/CNN/rps-demo/build/pb.o
                0x10001f7c                PB_Init
 .text.PB_Get   0x10001fb4       0x44 c:/MaximSDK/Examples/MAX78000/CNN/rps-demo/build/pb.o
                0x10001fb4                PB_Get
 .text.camera_irq_handler
                0x10001ff8      0x13c c:/MaximSDK/Examples/MAX78000/CNN/rps-demo/build/camera.o
                0x10001ff8                camera_irq_handler
 .text.stream_callback
                0x10002134       0xbc c:/MaximSDK/Examples/MAX78000/CNN/rps-demo/build/camera.o
 .text.setup_dma
                0x100021f0       0x94 c:/MaximSDK/Examples/MAX78000/CNN/rps-demo/build/camera.o
 .text.stream_irq_handler
                0x10002284        0x4 c:/MaximSDK/Examples/MAX78000/CNN/rps-demo/build/camera.o
                0x10002284                stream_irq_handler
 .text.camera_init
                0x10002288      0x12c c:/MaximSDK/Examples/MAX78000/CNN/rps-demo/build/camera.o
                0x10002288                camera_init
 .text.camera_setup
                0x100023b4      0x1d8 c:/MaximSDK/Examples/MAX78000/CNN/rps-demo/build/camera.o
                0x100023b4                camera_setup
 .text.camera_start_capture_image
                0x1000258c       0x3c c:/MaximSDK/Examples/MAX78000/CNN/rps-demo/build/camera.o
                0x1000258c                camera_start_capture_image
 .text.camera_is_image_rcv
                0x100025c8       0x10 c:/MaximSDK/Examples/MAX78000/CNN/rps-demo/build/camera.o
                0x100025c8                camera_is_image_rcv
 .text.camera_get_image
                0x100025d8       0x3c c:/MaximSDK/Examples/MAX78000/CNN/rps-demo/build/camera.o
                0x100025d8                camera_get_image
 .text.init     0x10002614       0x10 c:/MaximSDK/Examples/MAX78000/CNN/rps-demo/build/ov7692.o
 .text.get_slave_address
                0x10002624        0xc c:/MaximSDK/Examples/MAX78000/CNN/rps-demo/build/ov7692.o
 .text.get_pixformat
                0x10002630       0x10 c:/MaximSDK/Examples/MAX78000/CNN/rps-demo/build/ov7692.o
 .text.set_saturation
                0x10002640        0x4 c:/MaximSDK/Examples/MAX78000/CNN/rps-demo/build/ov7692.o
 .text.get_luminance
                0x10002644       0x60 c:/MaximSDK/Examples/MAX78000/CNN/rps-demo/build/ov7692.o
 .text.read_reg
                0x100026a4       0x20 c:/MaximSDK/Examples/MAX78000/CNN/rps-demo/build/ov7692.o
 .text.get_manufacture_id
                0x100026c4       0x3c c:/MaximSDK/Examples/MAX78000/CNN/rps-demo/build/ov7692.o
 .text.get_product_id
                0x10002700       0x3c c:/MaximSDK/Examples/MAX78000/CNN/rps-demo/build/ov7692.o
 .text.set_negateimage
                0x1000273c       0x90 c:/MaximSDK/Examples/MAX78000/CNN/rps-demo/build/ov7692.o
 .text.set_vflip
                0x100027cc       0x3c c:/MaximSDK/Examples/MAX78000/CNN/rps-demo/build/ov7692.o
 .text.set_hmirror
                0x10002808       0x3c c:/MaximSDK/Examples/MAX78000/CNN/rps-demo/build/ov7692.o
 .text.set_colorbar
                0x10002844       0x3c c:/MaximSDK/Examples/MAX78000/CNN/rps-demo/build/ov7692.o
 .text.set_gainceiling
                0x10002880       0xa0 c:/MaximSDK/Examples/MAX78000/CNN/rps-demo/build/ov7692.o
 .text.set_brightness
                0x10002920       0xa8 c:/MaximSDK/Examples/MAX78000/CNN/rps-demo/build/ov7692.o
 .text.set_contrast
                0x100029c8       0xa0 c:/MaximSDK/Examples/MAX78000/CNN/rps-demo/build/ov7692.o
 .text.set_windowing
                0x10002a68      0x120 c:/MaximSDK/Examples/MAX78000/CNN/rps-demo/build/ov7692.o
 .text.set_framesize
                0x10002b88       0xcc c:/MaximSDK/Examples/MAX78000/CNN/rps-demo/build/ov7692.o
 .text.set_pixformat
                0x10002c54       0x54 c:/MaximSDK/Examples/MAX78000/CNN/rps-demo/build/ov7692.o
 .text.write_reg
                0x10002ca8       0x18 c:/MaximSDK/Examples/MAX78000/CNN/rps-demo/build/ov7692.o
 .text.sleep    0x10002cc0       0x3c c:/MaximSDK/Examples/MAX78000/CNN/rps-demo/build/ov7692.o
 .text.reset    0x10002cfc       0x64 c:/MaximSDK/Examples/MAX78000/CNN/rps-demo/build/ov7692.o
 .text.dump_registers
                0x10002d60       0xa8 c:/MaximSDK/Examples/MAX78000/CNN/rps-demo/build/ov7692.o
 .text.sensor_register
                0x10002e08       0xbc c:/MaximSDK/Examples/MAX78000/CNN/rps-demo/build/ov7692.o
                0x10002e08                sensor_register
 .text.send_byte
                0x10002ec4       0x68 c:/MaximSDK/Examples/MAX78000/CNN/rps-demo/build/sccb.o
 .text.get_byte
                0x10002f2c       0x50 c:/MaximSDK/Examples/MAX78000/CNN/rps-demo/build/sccb.o
 .text.sccb_init
                0x10002f7c       0x30 c:/MaximSDK/Examples/MAX78000/CNN/rps-demo/build/sccb.o
                0x10002f7c                sccb_init
 .text.sccb_read_byt
                0x10002fac      0x11c c:/MaximSDK/Examples/MAX78000/CNN/rps-demo/build/sccb.o
                0x10002fac                sccb_read_byt
 .text.sccb_write_byt
                0x100030c8       0xa4 c:/MaximSDK/Examples/MAX78000/CNN/rps-demo/build/sccb.o
                0x100030c8                sccb_write_byt
 .text.reg_read
                0x1000316c       0x78 c:/MaximSDK/Examples/MAX78000/CNN/rps-demo/build/max20303.o
 .text.reg_write
                0x100031e4       0x60 c:/MaximSDK/Examples/MAX78000/CNN/rps-demo/build/max20303.o
 .text.reg_write_buf.constprop.0
                0x10003244       0x70 c:/MaximSDK/Examples/MAX78000/CNN/rps-demo/build/max20303.o
 .text.max20303_camera_power
                0x100032b4       0x68 c:/MaximSDK/Examples/MAX78000/CNN/rps-demo/build/max20303.o
                0x100032b4                max20303_camera_power
 .text.max20303_init
                0x1000331c       0x68 c:/MaximSDK/Examples/MAX78000/CNN/rps-demo/build/max20303.o
                0x1000331c                max20303_init
 .text          0x10003384      0x148 c:/MaximSDK/Examples/MAX78000/CNN/rps-demo/build/startup_max78000.o
                0x10003384                Reset_Handler
                0x100033c2                HardFault_Handler
                0x100033c4                MemManage_Handler
                0x100033c6                BusFault_Handler
                0x100033c8                UsageFault_Handler
                0x100033ca                SVC_Handler
                0x100033cc                DebugMon_Handler
                0x100033ce                PendSV_Handler
                0x100033d0                SysTick_Handler
                0x100033d2                Default_Handler
                0x100033d4                PF_IRQHandler
                0x100033d6                WDT0_IRQHandler
                0x100033d8                RSV02_IRQHandler
                0x100033da                RTC_IRQHandler
                0x100033dc                TRNG_IRQHandler
                0x100033de                TMR0_IRQHandler
                0x100033e0                TMR1_IRQHandler
                0x100033e2                TMR2_IRQHandler
                0x100033e4                TMR3_IRQHandler
                0x100033e6                TMR4_IRQHandler
                0x100033e8                TMR5_IRQHandler
                0x100033ea                RSV11_IRQHandler
                0x100033ec                RSV12_IRQHandler
                0x100033ee                I2C0_IRQHandler
                0x100033f0                UART0_IRQHandler
                0x100033f2                UART1_IRQHandler
                0x100033f4                SPI1_IRQHandler
                0x100033f6                RSV17_IRQHandler
                0x100033f8                RSV18_IRQHandler
                0x100033fa                RSV19_IRQHandler
                0x100033fc                ADC_IRQHandler
                0x100033fe                RSV21_IRQHandler
                0x10003400                RSV22_IRQHandler
                0x10003402                FLC0_IRQHandler
                0x10003408                GPIO2_IRQHandler
                0x1000340a                RSV27_IRQHandler
                0x1000340c                DMA0_IRQHandler
                0x1000340e                DMA1_IRQHandler
                0x10003410                DMA2_IRQHandler
                0x10003412                DMA3_IRQHandler
                0x10003414                RSV32_IRQHandler
                0x10003416                RSV33_IRQHandler
                0x10003418                UART2_IRQHandler
                0x1000341a                RSV35_IRQHandler
                0x1000341c                I2C1_IRQHandler
                0x1000341e                RSV37_IRQHandler
                0x10003420                RSV38_IRQHandler
                0x10003422                RSV39_IRQHandler
                0x10003424                RSV40_IRQHandler
                0x10003426                RSV41_IRQHandler
                0x10003428                RSV42_IRQHandler
                0x1000342a                RSV43_IRQHandler
                0x1000342c                RSV44_IRQHandler
                0x1000342e                RSV45_IRQHandler
                0x10003430                RSV46_IRQHandler
                0x10003432                RSV47_IRQHandler
                0x10003434                RSV48_IRQHandler
                0x10003436                RSV49_IRQHandler
                0x10003438                RSV50_IRQHandler
                0x1000343a                RSV51_IRQHandler
                0x1000343c                RSV52_IRQHandler
                0x1000343e                WUT_IRQHandler
                0x10003440                GPIOWAKE_IRQHandler
                0x10003442                RSV55_IRQHandler
                0x10003444                SPI0_IRQHandler
                0x10003446                WDT1_IRQHandler
                0x10003448                RSV58_IRQHandler
                0x1000344a                PT_IRQHandler
                0x1000344c                RSV60_IRQHandler
                0x1000344e                RSV61_IRQHandler
                0x10003450                I2C2_IRQHandler
                0x10003452                RISCV_IRQHandler
                0x10003454                RSV64_IRQHandler
                0x10003456                RSV65_IRQHandler
                0x10003458                RSV66_IRQHandler
                0x1000345a                OWM_IRQHandler
                0x1000345c                RSV68_IRQHandler
                0x1000345e                RSV69_IRQHandler
                0x10003460                RSV70_IRQHandler
                0x10003462                RSV71_IRQHandler
                0x10003464                RSV72_IRQHandler
                0x10003466                RSV73_IRQHandler
                0x10003468                RSV74_IRQHandler
                0x1000346a                RSV75_IRQHandler
                0x1000346c                RSV76_IRQHandler
                0x1000346e                RSV77_IRQHandler
                0x10003470                RSV78_IRQHandler
                0x10003472                RSV79_IRQHandler
                0x10003474                RSV80_IRQHandler
                0x10003476                RSV81_IRQHandler
                0x10003478                ECC_IRQHandler
                0x1000347a                DVS_IRQHandler
                0x1000347c                SIMO_IRQHandler
                0x1000347e                RSV85_IRQHandler
                0x10003480                RSV86_IRQHandler
                0x10003482                RSV87_IRQHandler
                0x10003484                UART3_IRQHandler
                0x10003486                RSV89_IRQHandler
                0x10003488                RSV90_IRQHandler
                0x1000348a                PCIF_IRQHandler
                0x1000348c                RSV92_IRQHandler
                0x1000348e                RSV93_IRQHandler
                0x10003490                RSV94_IRQHandler
                0x10003492                RSV95_IRQHandler
                0x10003494                RSV96_IRQHandler
                0x10003496                AES_IRQHandler
                0x10003498                RSV98_IRQHandler
                0x1000349a                I2S_IRQHandler
                0x1000349c                CNN_FIFO_IRQHandler
                0x1000349e                CNN_IRQHandler
                0x100034a0                RSV102_IRQHandler
                0x100034a2                LPCMP_IRQHandler
 .text._sbrk    0x100034cc       0x3c c:/MaximSDK/Examples/MAX78000/CNN/rps-demo/build/heap.o
                0x100034cc                _sbrk
 .text._getpid  0x10003508        0x8 c:/MaximSDK/Examples/MAX78000/CNN/rps-demo/build/system_max78000.o
                0x10003508                _getpid
 .text._kill    0x10003510        0x8 c:/MaximSDK/Examples/MAX78000/CNN/rps-demo/build/system_max78000.o
                0x10003510                _kill
 .text.SystemCoreClockUpdate
                0x10003518       0x68 c:/MaximSDK/Examples/MAX78000/CNN/rps-demo/build/system_max78000.o
                0x10003518                SystemCoreClockUpdate
 .text.PreInit  0x10003580        0x4 c:/MaximSDK/Examples/MAX78000/CNN/rps-demo/build/system_max78000.o
                0x10003580                PreInit
 .text.SystemInit
                0x10003584       0x38 c:/MaximSDK/Examples/MAX78000/CNN/rps-demo/build/system_max78000.o
                0x10003584                SystemInit
 .text.MXC_DelayInit
                0x100035bc       0x7c C:/MaximSDK/Libraries/PeriphDrivers/bin/MAX78000/softfp/libPeriphDriver_softfp.a(mxc_delay.o)
 .text.MXC_DelayAsync
                0x10003638       0x3c C:/MaximSDK/Libraries/PeriphDrivers/bin/MAX78000/softfp/libPeriphDriver_softfp.a(mxc_delay.o)
                0x10003638                MXC_DelayAsync
 .text.MXC_DelayCheck
                0x10003674       0x70 C:/MaximSDK/Libraries/PeriphDrivers/bin/MAX78000/softfp/libPeriphDriver_softfp.a(mxc_delay.o)
                0x10003674                MXC_DelayCheck
 .text.MXC_DelayAbort
                0x100036e4       0x34 C:/MaximSDK/Libraries/PeriphDrivers/bin/MAX78000/softfp/libPeriphDriver_softfp.a(mxc_delay.o)
                0x100036e4                MXC_DelayAbort
 .text.MXC_Delay
                0x10003718       0x74 C:/MaximSDK/Libraries/PeriphDrivers/bin/MAX78000/softfp/libPeriphDriver_softfp.a(mxc_delay.o)
                0x10003718                MXC_Delay
 .text.MXC_NVIC_SetVector
                0x1000378c       0x50 C:/MaximSDK/Libraries/PeriphDrivers/bin/MAX78000/softfp/libPeriphDriver_softfp.a(nvic_table.o)
                0x1000378c                MXC_NVIC_SetVector
 .text.MXC_SYS_IsClockEnabled
                0x100037dc       0x44 C:/MaximSDK/Libraries/PeriphDrivers/bin/MAX78000/softfp/libPeriphDriver_softfp.a(sys_ai85.o)
                0x100037dc                MXC_SYS_IsClockEnabled
 .text.MXC_SYS_ClockDisable
                0x10003820       0x44 C:/MaximSDK/Libraries/PeriphDrivers/bin/MAX78000/softfp/libPeriphDriver_softfp.a(sys_ai85.o)
                0x10003820                MXC_SYS_ClockDisable
 .text.MXC_SYS_ClockEnable
                0x10003864       0x4c C:/MaximSDK/Libraries/PeriphDrivers/bin/MAX78000/softfp/libPeriphDriver_softfp.a(sys_ai85.o)
                0x10003864                MXC_SYS_ClockEnable
 .text.MXC_SYS_ClockSourceEnable
                0x100038b0       0xf4 C:/MaximSDK/Libraries/PeriphDrivers/bin/MAX78000/softfp/libPeriphDriver_softfp.a(sys_ai85.o)
                0x100038b0                MXC_SYS_ClockSourceEnable
 .text.MXC_SYS_Clock_Select
                0x100039a4      0x194 C:/MaximSDK/Libraries/PeriphDrivers/bin/MAX78000/softfp/libPeriphDriver_softfp.a(sys_ai85.o)
                0x100039a4                MXC_SYS_Clock_Select
 .text.MXC_SYS_Reset_Periph
                0x10003b38       0x50 C:/MaximSDK/Libraries/PeriphDrivers/bin/MAX78000/softfp/libPeriphDriver_softfp.a(sys_ai85.o)
                0x10003b38                MXC_SYS_Reset_Periph
 .text.MXC_PCIF_Init
                0x10003b88       0x6c C:/MaximSDK/Libraries/PeriphDrivers/bin/MAX78000/softfp/libPeriphDriver_softfp.a(cameraif_ai85.o)
                0x10003b88                MXC_PCIF_Init
 .text.MXC_PCIF_SetDataWidth
                0x10003bf4        0xc C:/MaximSDK/Libraries/PeriphDrivers/bin/MAX78000/softfp/libPeriphDriver_softfp.a(cameraif_ai85.o)
                0x10003bf4                MXC_PCIF_SetDataWidth
 .text.MXC_PCIF_SetTimingSel
                0x10003c00        0xc C:/MaximSDK/Libraries/PeriphDrivers/bin/MAX78000/softfp/libPeriphDriver_softfp.a(cameraif_ai85.o)
                0x10003c00                MXC_PCIF_SetTimingSel
 .text.MXC_PCIF_SetThreshold
                0x10003c0c        0xc C:/MaximSDK/Libraries/PeriphDrivers/bin/MAX78000/softfp/libPeriphDriver_softfp.a(cameraif_ai85.o)
                0x10003c0c                MXC_PCIF_SetThreshold
 .text.MXC_PCIF_EnableInt
                0x10003c18        0xc C:/MaximSDK/Libraries/PeriphDrivers/bin/MAX78000/softfp/libPeriphDriver_softfp.a(cameraif_ai85.o)
                0x10003c18                MXC_PCIF_EnableInt
 .text.MXC_PCIF_DisableInt
                0x10003c24        0xc C:/MaximSDK/Libraries/PeriphDrivers/bin/MAX78000/softfp/libPeriphDriver_softfp.a(cameraif_ai85.o)
                0x10003c24                MXC_PCIF_DisableInt
 .text.MXC_PCIF_Start
                0x10003c30        0xc C:/MaximSDK/Libraries/PeriphDrivers/bin/MAX78000/softfp/libPeriphDriver_softfp.a(cameraif_ai85.o)
                0x10003c30                MXC_PCIF_Start
 .text.MXC_PCIF_RevA_SetDatawidth
                0x10003c3c       0x14 C:/MaximSDK/Libraries/PeriphDrivers/bin/MAX78000/softfp/libPeriphDriver_softfp.a(cameraif_reva.o)
                0x10003c3c                MXC_PCIF_RevA_SetDatawidth
 .text.MXC_PCIF_RevA_SetTimingSel
                0x10003c50       0x14 C:/MaximSDK/Libraries/PeriphDrivers/bin/MAX78000/softfp/libPeriphDriver_softfp.a(cameraif_reva.o)
                0x10003c50                MXC_PCIF_RevA_SetTimingSel
 .text.MXC_PCIF_RevA_SetThreshold
                0x10003c64       0x18 C:/MaximSDK/Libraries/PeriphDrivers/bin/MAX78000/softfp/libPeriphDriver_softfp.a(cameraif_reva.o)
                0x10003c64                MXC_PCIF_RevA_SetThreshold
 .text.MXC_PCIF_RevA_EnableInt
                0x10003c7c        0xc C:/MaximSDK/Libraries/PeriphDrivers/bin/MAX78000/softfp/libPeriphDriver_softfp.a(cameraif_reva.o)
                0x10003c7c                MXC_PCIF_RevA_EnableInt
 .text.MXC_PCIF_RevA_DisableInt
                0x10003c88       0x10 C:/MaximSDK/Libraries/PeriphDrivers/bin/MAX78000/softfp/libPeriphDriver_softfp.a(cameraif_reva.o)
                0x10003c88                MXC_PCIF_RevA_DisableInt
 .text.MXC_PCIF_RevA_Start
                0x10003c98       0x14 C:/MaximSDK/Libraries/PeriphDrivers/bin/MAX78000/softfp/libPeriphDriver_softfp.a(cameraif_reva.o)
                0x10003c98                MXC_PCIF_RevA_Start
 .text.MXC_DMA_Init
                0x10003cac       0x30 C:/MaximSDK/Libraries/PeriphDrivers/bin/MAX78000/softfp/libPeriphDriver_softfp.a(dma_me17.o)
                0x10003cac                MXC_DMA_Init
 .text.MXC_DMA_DeInit
                0x10003cdc        0xc C:/MaximSDK/Libraries/PeriphDrivers/bin/MAX78000/softfp/libPeriphDriver_softfp.a(dma_me17.o)
                0x10003cdc                MXC_DMA_DeInit
 .text.MXC_DMA_AcquireChannel
                0x10003ce8        0xc C:/MaximSDK/Libraries/PeriphDrivers/bin/MAX78000/softfp/libPeriphDriver_softfp.a(dma_me17.o)
                0x10003ce8                MXC_DMA_AcquireChannel
 .text.MXC_DMA_ReleaseChannel
                0x10003cf4        0x4 C:/MaximSDK/Libraries/PeriphDrivers/bin/MAX78000/softfp/libPeriphDriver_softfp.a(dma_me17.o)
                0x10003cf4                MXC_DMA_ReleaseChannel
 .text.MXC_DMA_SetCallback
                0x10003cf8        0x4 C:/MaximSDK/Libraries/PeriphDrivers/bin/MAX78000/softfp/libPeriphDriver_softfp.a(dma_me17.o)
                0x10003cf8                MXC_DMA_SetCallback
 .text.MXC_DMA_ChannelClearFlags
                0x10003cfc        0x4 C:/MaximSDK/Libraries/PeriphDrivers/bin/MAX78000/softfp/libPeriphDriver_softfp.a(dma_me17.o)
                0x10003cfc                MXC_DMA_ChannelClearFlags
 .text.MXC_DMA_Handler
                0x10003d00        0xc C:/MaximSDK/Libraries/PeriphDrivers/bin/MAX78000/softfp/libPeriphDriver_softfp.a(dma_me17.o)
                0x10003d00                MXC_DMA_Handler
 .text.MXC_DMA_RevA_Init
                0x10003d0c       0xac C:/MaximSDK/Libraries/PeriphDrivers/bin/MAX78000/softfp/libPeriphDriver_softfp.a(dma_reva.o)
                0x10003d0c                MXC_DMA_RevA_Init
 .text.MXC_DMA_RevA_DeInit
                0x10003db8       0x3c C:/MaximSDK/Libraries/PeriphDrivers/bin/MAX78000/softfp/libPeriphDriver_softfp.a(dma_reva.o)
                0x10003db8                MXC_DMA_RevA_DeInit
 .text.MXC_DMA_RevA_AcquireChannel
                0x10003df4       0x88 C:/MaximSDK/Libraries/PeriphDrivers/bin/MAX78000/softfp/libPeriphDriver_softfp.a(dma_reva.o)
                0x10003df4                MXC_DMA_RevA_AcquireChannel
 .text.MXC_DMA_RevA_ReleaseChannel
                0x10003e7c       0x48 C:/MaximSDK/Libraries/PeriphDrivers/bin/MAX78000/softfp/libPeriphDriver_softfp.a(dma_reva.o)
                0x10003e7c                MXC_DMA_RevA_ReleaseChannel
 .text.MXC_DMA_RevA_SetCallback
                0x10003ec4       0x24 C:/MaximSDK/Libraries/PeriphDrivers/bin/MAX78000/softfp/libPeriphDriver_softfp.a(dma_reva.o)
                0x10003ec4                MXC_DMA_RevA_SetCallback
 .text.MXC_DMA_RevA_ChannelClearFlags
                0x10003ee8       0x2c C:/MaximSDK/Libraries/PeriphDrivers/bin/MAX78000/softfp/libPeriphDriver_softfp.a(dma_reva.o)
                0x10003ee8                MXC_DMA_RevA_ChannelClearFlags
 .text.MXC_DMA_RevA_Handler
                0x10003f14       0x84 C:/MaximSDK/Libraries/PeriphDrivers/bin/MAX78000/softfp/libPeriphDriver_softfp.a(dma_reva.o)
                0x10003f14                MXC_DMA_RevA_Handler
 .text.MXC_GPIO_Init
                0x10003f98       0x40 C:/MaximSDK/Libraries/PeriphDrivers/bin/MAX78000/softfp/libPeriphDriver_softfp.a(gpio_ai85.o)
                0x10003f98                MXC_GPIO_Init
 .text.MXC_GPIO_Config
                0x10003fd8      0x220 C:/MaximSDK/Libraries/PeriphDrivers/bin/MAX78000/softfp/libPeriphDriver_softfp.a(gpio_ai85.o)
                0x10003fd8                MXC_GPIO_Config
 .text.MXC_GPIO_InGet
                0x100041f8       0x34 C:/MaximSDK/Libraries/PeriphDrivers/bin/MAX78000/softfp/libPeriphDriver_softfp.a(gpio_ai85.o)
                0x100041f8                MXC_GPIO_InGet
 .text.MXC_GPIO_OutSet
                0x1000422c       0x30 C:/MaximSDK/Libraries/PeriphDrivers/bin/MAX78000/softfp/libPeriphDriver_softfp.a(gpio_ai85.o)
                0x1000422c                MXC_GPIO_OutSet
 .text.MXC_GPIO_OutClr
                0x1000425c       0x34 C:/MaximSDK/Libraries/PeriphDrivers/bin/MAX78000/softfp/libPeriphDriver_softfp.a(gpio_ai85.o)
                0x1000425c                MXC_GPIO_OutClr
 .text.MXC_GPIO_Handler
                0x10004290        0x4 C:/MaximSDK/Libraries/PeriphDrivers/bin/MAX78000/softfp/libPeriphDriver_softfp.a(gpio_ai85.o)
                0x10004290                MXC_GPIO_Handler
 .text.MXC_GPIO_ClearFlags
                0x10004294       0x18 C:/MaximSDK/Libraries/PeriphDrivers/bin/MAX78000/softfp/libPeriphDriver_softfp.a(gpio_ai85.o)
                0x10004294                MXC_GPIO_ClearFlags
 .text.MXC_GPIO_GetFlags
                0x100042ac       0x18 C:/MaximSDK/Libraries/PeriphDrivers/bin/MAX78000/softfp/libPeriphDriver_softfp.a(gpio_ai85.o)
                0x100042ac                MXC_GPIO_GetFlags
 .text.MXC_GPIO_SetVSSEL
                0x100042c4       0x24 C:/MaximSDK/Libraries/PeriphDrivers/bin/MAX78000/softfp/libPeriphDriver_softfp.a(gpio_ai85.o)
                0x100042c4                MXC_GPIO_SetVSSEL
 .text.MXC_GPIO_RevA_InGet
                0x100042e8        0x8 C:/MaximSDK/Libraries/PeriphDrivers/bin/MAX78000/softfp/libPeriphDriver_softfp.a(gpio_reva.o)
                0x100042e8                MXC_GPIO_RevA_InGet
 .text.MXC_GPIO_RevA_OutSet
                0x100042f0        0x4 C:/MaximSDK/Libraries/PeriphDrivers/bin/MAX78000/softfp/libPeriphDriver_softfp.a(gpio_reva.o)
                0x100042f0                MXC_GPIO_RevA_OutSet
 .text.MXC_GPIO_RevA_OutClr
                0x100042f4        0x4 C:/MaximSDK/Libraries/PeriphDrivers/bin/MAX78000/softfp/libPeriphDriver_softfp.a(gpio_reva.o)
                0x100042f4                MXC_GPIO_RevA_OutClr
 .text.MXC_GPIO_RevA_ClearFlags
                0x100042f8        0x4 C:/MaximSDK/Libraries/PeriphDrivers/bin/MAX78000/softfp/libPeriphDriver_softfp.a(gpio_reva.o)
                0x100042f8                MXC_GPIO_RevA_ClearFlags
 .text.MXC_GPIO_RevA_GetFlags
                0x100042fc        0x4 C:/MaximSDK/Libraries/PeriphDrivers/bin/MAX78000/softfp/libPeriphDriver_softfp.a(gpio_reva.o)
                0x100042fc                MXC_GPIO_RevA_GetFlags
 .text.MXC_GPIO_RevA_SetVSSEL
                0x10004300       0x30 C:/MaximSDK/Libraries/PeriphDrivers/bin/MAX78000/softfp/libPeriphDriver_softfp.a(gpio_reva.o)
                0x10004300                MXC_GPIO_RevA_SetVSSEL
 .text.MXC_GPIO_RevA_SetAF
                0x10004330       0x6c C:/MaximSDK/Libraries/PeriphDrivers/bin/MAX78000/softfp/libPeriphDriver_softfp.a(gpio_reva.o)
                0x10004330                MXC_GPIO_RevA_SetAF
 .text.MXC_GPIO_RevA_SetDriveStrength
                0x1000439c       0x74 C:/MaximSDK/Libraries/PeriphDrivers/bin/MAX78000/softfp/libPeriphDriver_softfp.a(gpio_reva.o)
                0x1000439c                MXC_GPIO_RevA_SetDriveStrength
 .text.MXC_I2C_SetSlaveAddr
                0x10004410        0xc C:/MaximSDK/Libraries/PeriphDrivers/bin/MAX78000/softfp/libPeriphDriver_softfp.a(i2c_me17.o)
                0x10004410                MXC_I2C_SetSlaveAddr
 .text.MXC_I2C_Shutdown
                0x1000441c       0x6c C:/MaximSDK/Libraries/PeriphDrivers/bin/MAX78000/softfp/libPeriphDriver_softfp.a(i2c_me17.o)
                0x1000441c                MXC_I2C_Shutdown
 .text.MXC_I2C_Init
                0x10004488       0x94 C:/MaximSDK/Libraries/PeriphDrivers/bin/MAX78000/softfp/libPeriphDriver_softfp.a(i2c_me17.o)
                0x10004488                MXC_I2C_Init
 .text.MXC_I2C_SetFrequency
                0x1000451c        0x4 C:/MaximSDK/Libraries/PeriphDrivers/bin/MAX78000/softfp/libPeriphDriver_softfp.a(i2c_me17.o)
                0x1000451c                MXC_I2C_SetFrequency
 .text.MXC_I2C_GetFrequency
                0x10004520        0x4 C:/MaximSDK/Libraries/PeriphDrivers/bin/MAX78000/softfp/libPeriphDriver_softfp.a(i2c_me17.o)
                0x10004520                MXC_I2C_GetFrequency
 .text.MXC_I2C_ClearRXFIFO
                0x10004524        0x4 C:/MaximSDK/Libraries/PeriphDrivers/bin/MAX78000/softfp/libPeriphDriver_softfp.a(i2c_me17.o)
                0x10004524                MXC_I2C_ClearRXFIFO
 .text.MXC_I2C_ClearTXFIFO
                0x10004528        0x4 C:/MaximSDK/Libraries/PeriphDrivers/bin/MAX78000/softfp/libPeriphDriver_softfp.a(i2c_me17.o)
                0x10004528                MXC_I2C_ClearTXFIFO
 .text.MXC_I2C_Recover
                0x1000452c        0x4 C:/MaximSDK/Libraries/PeriphDrivers/bin/MAX78000/softfp/libPeriphDriver_softfp.a(i2c_me17.o)
                0x1000452c                MXC_I2C_Recover
 .text.MXC_I2C_SetRXThreshold
                0x10004530        0x4 C:/MaximSDK/Libraries/PeriphDrivers/bin/MAX78000/softfp/libPeriphDriver_softfp.a(i2c_me17.o)
                0x10004530                MXC_I2C_SetRXThreshold
 .text.MXC_I2C_SetTXThreshold
                0x10004534        0x4 C:/MaximSDK/Libraries/PeriphDrivers/bin/MAX78000/softfp/libPeriphDriver_softfp.a(i2c_me17.o)
                0x10004534                MXC_I2C_SetTXThreshold
 .text.MXC_I2C_RevA_Init
                0x10004538      0x104 C:/MaximSDK/Libraries/PeriphDrivers/bin/MAX78000/softfp/libPeriphDriver_softfp.a(i2c_reva.o)
                0x10004538                MXC_I2C_RevA_Init
 .text.MXC_I2C_RevA_SetSlaveAddr
                0x1000463c       0x3c C:/MaximSDK/Libraries/PeriphDrivers/bin/MAX78000/softfp/libPeriphDriver_softfp.a(i2c_reva.o)
                0x1000463c                MXC_I2C_RevA_SetSlaveAddr
 .text.MXC_I2C_RevA_Shutdown
                0x10004678       0xac C:/MaximSDK/Libraries/PeriphDrivers/bin/MAX78000/softfp/libPeriphDriver_softfp.a(i2c_reva.o)
                0x10004678                MXC_I2C_RevA_Shutdown
 .text.MXC_I2C_RevA_SetFrequency
                0x10004724       0xc0 C:/MaximSDK/Libraries/PeriphDrivers/bin/MAX78000/softfp/libPeriphDriver_softfp.a(i2c_reva.o)
                0x10004724                MXC_I2C_RevA_SetFrequency
 .text.MXC_I2C_RevA_GetFrequency
                0x100047e4       0x38 C:/MaximSDK/Libraries/PeriphDrivers/bin/MAX78000/softfp/libPeriphDriver_softfp.a(i2c_reva.o)
                0x100047e4                MXC_I2C_RevA_GetFrequency
 .text.MXC_I2C_RevA_ClearRXFIFO
                0x1000481c       0x10 C:/MaximSDK/Libraries/PeriphDrivers/bin/MAX78000/softfp/libPeriphDriver_softfp.a(i2c_reva.o)
                0x1000481c                MXC_I2C_RevA_ClearRXFIFO
 .text.MXC_I2C_RevA_ClearTXFIFO
                0x1000482c       0x10 C:/MaximSDK/Libraries/PeriphDrivers/bin/MAX78000/softfp/libPeriphDriver_softfp.a(i2c_reva.o)
                0x1000482c                MXC_I2C_RevA_ClearTXFIFO
 .text.MXC_I2C_RevA_Recover
                0x1000483c       0xd8 C:/MaximSDK/Libraries/PeriphDrivers/bin/MAX78000/softfp/libPeriphDriver_softfp.a(i2c_reva.o)
                0x1000483c                MXC_I2C_RevA_Recover
 .text.MXC_I2C_RevA_SetRXThreshold
                0x10004914       0x20 C:/MaximSDK/Libraries/PeriphDrivers/bin/MAX78000/softfp/libPeriphDriver_softfp.a(i2c_reva.o)
                0x10004914                MXC_I2C_RevA_SetRXThreshold
 .text.MXC_I2C_RevA_SetTXThreshold
                0x10004934       0x24 C:/MaximSDK/Libraries/PeriphDrivers/bin/MAX78000/softfp/libPeriphDriver_softfp.a(i2c_reva.o)
                0x10004934                MXC_I2C_RevA_SetTXThreshold
 .text.MXC_ICC_Enable
                0x10004958        0x4 C:/MaximSDK/Libraries/PeriphDrivers/bin/MAX78000/softfp/libPeriphDriver_softfp.a(icc_me17.o)
                0x10004958                MXC_ICC_Enable
 .text.MXC_ICC_RevA_Enable
                0x1000495c       0x30 C:/MaximSDK/Libraries/PeriphDrivers/bin/MAX78000/softfp/libPeriphDriver_softfp.a(icc_reva.o)
                0x1000495c                MXC_ICC_RevA_Enable
 .text.MXC_PT_Init
                0x1000498c      0x128 C:/MaximSDK/Libraries/PeriphDrivers/bin/MAX78000/softfp/libPeriphDriver_softfp.a(pt_ai85.o)
                0x1000498c                MXC_PT_Init
 .text.MXC_PT_Config
                0x10004ab4       0x5c C:/MaximSDK/Libraries/PeriphDrivers/bin/MAX78000/softfp/libPeriphDriver_softfp.a(pt_ai85.o)
                0x10004ab4                MXC_PT_Config
 .text.MXC_PT_SqrWaveConfig
                0x10004b10       0x20 C:/MaximSDK/Libraries/PeriphDrivers/bin/MAX78000/softfp/libPeriphDriver_softfp.a(pt_ai85.o)
                0x10004b10                MXC_PT_SqrWaveConfig
 .text.MXC_PT_Start
                0x10004b30        0xc C:/MaximSDK/Libraries/PeriphDrivers/bin/MAX78000/softfp/libPeriphDriver_softfp.a(pt_ai85.o)
                0x10004b30                MXC_PT_Start
 .text.MXC_PT_IsActive
                0x10004b3c        0xc C:/MaximSDK/Libraries/PeriphDrivers/bin/MAX78000/softfp/libPeriphDriver_softfp.a(pt_ai85.o)
                0x10004b3c                MXC_PT_IsActive
 .text.MXC_PT_RevA_Init
                0x10004b48       0x10 C:/MaximSDK/Libraries/PeriphDrivers/bin/MAX78000/softfp/libPeriphDriver_softfp.a(pt_reva.o)
                0x10004b48                MXC_PT_RevA_Init
 .text.MXC_PT_RevA_Config
                0x10004b58       0xc4 C:/MaximSDK/Libraries/PeriphDrivers/bin/MAX78000/softfp/libPeriphDriver_softfp.a(pt_reva.o)
                0x10004b58                MXC_PT_RevA_Config
 .text.MXC_PT_RevA_SqrWaveConfig
                0x10004c1c       0x18 C:/MaximSDK/Libraries/PeriphDrivers/bin/MAX78000/softfp/libPeriphDriver_softfp.a(pt_reva.o)
                0x10004c1c                MXC_PT_RevA_SqrWaveConfig
 .text.MXC_PT_RevA_Start
                0x10004c34       0x10 C:/MaximSDK/Libraries/PeriphDrivers/bin/MAX78000/softfp/libPeriphDriver_softfp.a(pt_reva.o)
                0x10004c34                MXC_PT_RevA_Start
 .text.MXC_PT_RevA_IsActive
                0x10004c44        0xc C:/MaximSDK/Libraries/PeriphDrivers/bin/MAX78000/softfp/libPeriphDriver_softfp.a(pt_reva.o)
                0x10004c44                MXC_PT_RevA_IsActive
 .text.MXC_TMR_Init
                0x10004c50      0x314 C:/MaximSDK/Libraries/PeriphDrivers/bin/MAX78000/softfp/libPeriphDriver_softfp.a(tmr_ai85.o)
                0x10004c50                MXC_TMR_Init
 .text.MXC_TMR_Start
                0x10004f64        0x4 C:/MaximSDK/Libraries/PeriphDrivers/bin/MAX78000/softfp/libPeriphDriver_softfp.a(tmr_ai85.o)
                0x10004f64                MXC_TMR_Start
 .text.MXC_TMR_Stop
                0x10004f68        0x4 C:/MaximSDK/Libraries/PeriphDrivers/bin/MAX78000/softfp/libPeriphDriver_softfp.a(tmr_ai85.o)
                0x10004f68                MXC_TMR_Stop
 .text.MXC_TMR_ClearFlags
                0x10004f6c        0x4 C:/MaximSDK/Libraries/PeriphDrivers/bin/MAX78000/softfp/libPeriphDriver_softfp.a(tmr_ai85.o)
                0x10004f6c                MXC_TMR_ClearFlags
 .text.MXC_TMR_SetCount
                0x10004f70        0x4 C:/MaximSDK/Libraries/PeriphDrivers/bin/MAX78000/softfp/libPeriphDriver_softfp.a(tmr_ai85.o)
                0x10004f70                MXC_TMR_SetCount
 .text.MXC_TMR_TO_Start
                0x10004f74        0x4 C:/MaximSDK/Libraries/PeriphDrivers/bin/MAX78000/softfp/libPeriphDriver_softfp.a(tmr_ai85.o)
                0x10004f74                MXC_TMR_TO_Start
 .text.MXC_TMR_TO_Stop
                0x10004f78        0x4 C:/MaximSDK/Libraries/PeriphDrivers/bin/MAX78000/softfp/libPeriphDriver_softfp.a(tmr_ai85.o)
                0x10004f78                MXC_TMR_TO_Stop
 .text.MXC_TMR_TO_Elapsed
                0x10004f7c        0x4 C:/MaximSDK/Libraries/PeriphDrivers/bin/MAX78000/softfp/libPeriphDriver_softfp.a(tmr_ai85.o)
                0x10004f7c                MXC_TMR_TO_Elapsed
 .text.MXC_TMR_SW_Start
                0x10004f80        0x4 C:/MaximSDK/Libraries/PeriphDrivers/bin/MAX78000/softfp/libPeriphDriver_softfp.a(tmr_ai85.o)
                0x10004f80                MXC_TMR_SW_Start
 .text.MXC_TMR_SW_Stop
                0x10004f84        0x4 C:/MaximSDK/Libraries/PeriphDrivers/bin/MAX78000/softfp/libPeriphDriver_softfp.a(tmr_ai85.o)
                0x10004f84                MXC_TMR_SW_Stop
 .text.MXC_TMR_GetTime
                0x10004f88        0x4 C:/MaximSDK/Libraries/PeriphDrivers/bin/MAX78000/softfp/libPeriphDriver_softfp.a(tmr_ai85.o)
                0x10004f88                MXC_TMR_GetTime
 .text.MXC_TMR_RevB_SetClockSourceFreq
                0x10004f8c       0x7c C:/MaximSDK/Libraries/PeriphDrivers/bin/MAX78000/softfp/libPeriphDriver_softfp.a(tmr_revb.o)
                0x10004f8c                MXC_TMR_RevB_SetClockSourceFreq
 .text.MXC_TMR_RevB_GetClockSourceFreq
                0x10005008       0x80 C:/MaximSDK/Libraries/PeriphDrivers/bin/MAX78000/softfp/libPeriphDriver_softfp.a(tmr_revb.o)
                0x10005008                MXC_TMR_RevB_GetClockSourceFreq
 .text.MXC_TMR_RevB_ConfigGeneric
                0x10005088       0xe8 C:/MaximSDK/Libraries/PeriphDrivers/bin/MAX78000/softfp/libPeriphDriver_softfp.a(tmr_revb.o)
                0x10005088                MXC_TMR_RevB_ConfigGeneric
 .text.MXC_TMR_RevB_Init
                0x10005170       0xc8 C:/MaximSDK/Libraries/PeriphDrivers/bin/MAX78000/softfp/libPeriphDriver_softfp.a(tmr_revb.o)
                0x10005170                MXC_TMR_RevB_Init
 .text.MXC_TMR_RevB_Start
                0x10005238       0x5c C:/MaximSDK/Libraries/PeriphDrivers/bin/MAX78000/softfp/libPeriphDriver_softfp.a(tmr_revb.o)
                0x10005238                MXC_TMR_RevB_Start
 .text.MXC_TMR_RevB_Stop
                0x10005294       0x58 C:/MaximSDK/Libraries/PeriphDrivers/bin/MAX78000/softfp/libPeriphDriver_softfp.a(tmr_revb.o)
                0x10005294                MXC_TMR_RevB_Stop
 .text.MXC_TMR_RevB_ClearFlags
                0x100052ec       0x58 C:/MaximSDK/Libraries/PeriphDrivers/bin/MAX78000/softfp/libPeriphDriver_softfp.a(tmr_revb.o)
                0x100052ec                MXC_TMR_RevB_ClearFlags
 .text.MXC_TMR_RevB_SetCount
                0x10005344       0x5c C:/MaximSDK/Libraries/PeriphDrivers/bin/MAX78000/softfp/libPeriphDriver_softfp.a(tmr_revb.o)
                0x10005344                MXC_TMR_RevB_SetCount
 .text.MXC_TMR_RevB_TO_Start
                0x100053a0       0xe4 C:/MaximSDK/Libraries/PeriphDrivers/bin/MAX78000/softfp/libPeriphDriver_softfp.a(tmr_revb.o)
                0x100053a0                MXC_TMR_RevB_TO_Start
 .text.MXC_TMR_RevB_GetTime
                0x10005484      0x148 C:/MaximSDK/Libraries/PeriphDrivers/bin/MAX78000/softfp/libPeriphDriver_softfp.a(tmr_revb.o)
                0x10005484                MXC_TMR_RevB_GetTime
 .text.MXC_UART_Shutdown
                0x100055cc       0x70 C:/MaximSDK/Libraries/PeriphDrivers/bin/MAX78000/softfp/libPeriphDriver_softfp.a(uart_ai85.o)
                0x100055cc                MXC_UART_Shutdown
 .text.MXC_UART_Init
                0x1000563c       0xb8 C:/MaximSDK/Libraries/PeriphDrivers/bin/MAX78000/softfp/libPeriphDriver_softfp.a(uart_ai85.o)
                0x1000563c                MXC_UART_Init
 .text.MXC_UART_SetFrequency
                0x100056f4       0xcc C:/MaximSDK/Libraries/PeriphDrivers/bin/MAX78000/softfp/libPeriphDriver_softfp.a(uart_ai85.o)
                0x100056f4                MXC_UART_SetFrequency
 .text.MXC_UART_GetFrequency
                0x100057c0       0x54 C:/MaximSDK/Libraries/PeriphDrivers/bin/MAX78000/softfp/libPeriphDriver_softfp.a(uart_ai85.o)
                0x100057c0                MXC_UART_GetFrequency
 .text.MXC_UART_SetDataSize
                0x10005814        0x4 C:/MaximSDK/Libraries/PeriphDrivers/bin/MAX78000/softfp/libPeriphDriver_softfp.a(uart_ai85.o)
                0x10005814                MXC_UART_SetDataSize
 .text.MXC_UART_SetStopBits
                0x10005818        0x4 C:/MaximSDK/Libraries/PeriphDrivers/bin/MAX78000/softfp/libPeriphDriver_softfp.a(uart_ai85.o)
                0x10005818                MXC_UART_SetStopBits
 .text.MXC_UART_SetParity
                0x1000581c        0x4 C:/MaximSDK/Libraries/PeriphDrivers/bin/MAX78000/softfp/libPeriphDriver_softfp.a(uart_ai85.o)
                0x1000581c                MXC_UART_SetParity
 .text.MXC_UART_ReadCharacterRaw
                0x10005820        0x4 C:/MaximSDK/Libraries/PeriphDrivers/bin/MAX78000/softfp/libPeriphDriver_softfp.a(uart_ai85.o)
                0x10005820                MXC_UART_ReadCharacterRaw
 .text.MXC_UART_WriteCharacterRaw
                0x10005824        0x4 C:/MaximSDK/Libraries/PeriphDrivers/bin/MAX78000/softfp/libPeriphDriver_softfp.a(uart_ai85.o)
                0x10005824                MXC_UART_WriteCharacterRaw
 .text.MXC_UART_ReadCharacter
                0x10005828        0x4 C:/MaximSDK/Libraries/PeriphDrivers/bin/MAX78000/softfp/libPeriphDriver_softfp.a(uart_ai85.o)
                0x10005828                MXC_UART_ReadCharacter
 .text.MXC_UART_WriteCharacter
                0x1000582c        0x4 C:/MaximSDK/Libraries/PeriphDrivers/bin/MAX78000/softfp/libPeriphDriver_softfp.a(uart_ai85.o)
                0x1000582c                MXC_UART_WriteCharacter
 .text.MXC_UART_GetRXFIFOAvailable
                0x10005830        0x4 C:/MaximSDK/Libraries/PeriphDrivers/bin/MAX78000/softfp/libPeriphDriver_softfp.a(uart_ai85.o)
                0x10005830                MXC_UART_GetRXFIFOAvailable
 .text.MXC_UART_GetTXFIFOAvailable
                0x10005834        0x4 C:/MaximSDK/Libraries/PeriphDrivers/bin/MAX78000/softfp/libPeriphDriver_softfp.a(uart_ai85.o)
                0x10005834                MXC_UART_GetTXFIFOAvailable
 .text.MXC_UART_SetRXThreshold
                0x10005838        0x4 C:/MaximSDK/Libraries/PeriphDrivers/bin/MAX78000/softfp/libPeriphDriver_softfp.a(uart_ai85.o)
                0x10005838                MXC_UART_SetRXThreshold
 .text.MXC_UART_Common_ReadCharacter
                0x1000583c       0x18 C:/MaximSDK/Libraries/PeriphDrivers/bin/MAX78000/softfp/libPeriphDriver_softfp.a(uart_common.o)
                0x1000583c                MXC_UART_Common_ReadCharacter
 .text.MXC_UART_Common_WriteCharacter
                0x10005854       0x1c C:/MaximSDK/Libraries/PeriphDrivers/bin/MAX78000/softfp/libPeriphDriver_softfp.a(uart_common.o)
                0x10005854                MXC_UART_Common_WriteCharacter
 .text.MXC_UART_RevB_Init
                0x10005870       0x70 C:/MaximSDK/Libraries/PeriphDrivers/bin/MAX78000/softfp/libPeriphDriver_softfp.a(uart_revb.o)
                0x10005870                MXC_UART_RevB_Init
 .text.MXC_UART_RevB_SetFrequency
                0x100058e0       0x9c C:/MaximSDK/Libraries/PeriphDrivers/bin/MAX78000/softfp/libPeriphDriver_softfp.a(uart_revb.o)
                0x100058e0                MXC_UART_RevB_SetFrequency
 .text.MXC_UART_RevB_GetFrequency
                0x1000597c       0x7c C:/MaximSDK/Libraries/PeriphDrivers/bin/MAX78000/softfp/libPeriphDriver_softfp.a(uart_revb.o)
                0x1000597c                MXC_UART_RevB_GetFrequency
 .text.MXC_UART_RevB_SetDataSize
                0x100059f8       0x40 C:/MaximSDK/Libraries/PeriphDrivers/bin/MAX78000/softfp/libPeriphDriver_softfp.a(uart_revb.o)
                0x100059f8                MXC_UART_RevB_SetDataSize
 .text.MXC_UART_RevB_SetStopBits
                0x10005a38       0x4c C:/MaximSDK/Libraries/PeriphDrivers/bin/MAX78000/softfp/libPeriphDriver_softfp.a(uart_revb.o)
                0x10005a38                MXC_UART_RevB_SetStopBits
 .text.MXC_UART_RevB_SetParity
                0x10005a84       0xb4 C:/MaximSDK/Libraries/PeriphDrivers/bin/MAX78000/softfp/libPeriphDriver_softfp.a(uart_revb.o)
                0x10005a84                MXC_UART_RevB_SetParity
 .text.MXC_UART_RevB_ReadCharacterRaw
                0x10005b38       0x38 C:/MaximSDK/Libraries/PeriphDrivers/bin/MAX78000/softfp/libPeriphDriver_softfp.a(uart_revb.o)
                0x10005b38                MXC_UART_RevB_ReadCharacterRaw
 .text.MXC_UART_RevB_WriteCharacterRaw
                0x10005b70       0x3c C:/MaximSDK/Libraries/PeriphDrivers/bin/MAX78000/softfp/libPeriphDriver_softfp.a(uart_revb.o)
                0x10005b70                MXC_UART_RevB_WriteCharacterRaw
 .text.MXC_UART_RevB_GetRXFIFOAvailable
                0x10005bac        0x8 C:/MaximSDK/Libraries/PeriphDrivers/bin/MAX78000/softfp/libPeriphDriver_softfp.a(uart_revb.o)
                0x10005bac                MXC_UART_RevB_GetRXFIFOAvailable
 .text.MXC_UART_RevB_GetTXFIFOAvailable
                0x10005bb4        0xc C:/MaximSDK/Libraries/PeriphDrivers/bin/MAX78000/softfp/libPeriphDriver_softfp.a(uart_revb.o)
                0x10005bb4                MXC_UART_RevB_GetTXFIFOAvailable
 .text.MXC_UART_RevB_SetRXThreshold
                0x10005bc0       0x40 C:/MaximSDK/Libraries/PeriphDrivers/bin/MAX78000/softfp/libPeriphDriver_softfp.a(uart_revb.o)
                0x10005bc0                MXC_UART_RevB_SetRXThreshold
 .text.MXC_GetLock
                0x10005c00       0x1c C:/MaximSDK/Libraries/PeriphDrivers/bin/MAX78000/softfp/libPeriphDriver_softfp.a(mxc_lock.o)
                0x10005c00                MXC_GetLock
 .text.MXC_FreeLock
                0x10005c1c        0xc C:/MaximSDK/Libraries/PeriphDrivers/bin/MAX78000/softfp/libPeriphDriver_softfp.a(mxc_lock.o)
                0x10005c1c                MXC_FreeLock
 .text.MXC_GPIO_Common_Init
                0x10005c28       0x24 C:/MaximSDK/Libraries/PeriphDrivers/bin/MAX78000/softfp/libPeriphDriver_softfp.a(gpio_common.o)
                0x10005c28                MXC_GPIO_Common_Init
 .text.MXC_GPIO_Common_Handler
                0x10005c4c       0x88 C:/MaximSDK/Libraries/PeriphDrivers/bin/MAX78000/softfp/libPeriphDriver_softfp.a(gpio_common.o)
                0x10005c4c                MXC_GPIO_Common_Handler
 .text.MXC_TMR_Common_TO_Stop
                0x10005cd4       0x14 C:/MaximSDK/Libraries/PeriphDrivers/bin/MAX78000/softfp/libPeriphDriver_softfp.a(tmr_common.o)
                0x10005cd4                MXC_TMR_Common_TO_Stop
 .text.MXC_TMR_Common_SW_Start
                0x10005ce8        0x8 C:/MaximSDK/Libraries/PeriphDrivers/bin/MAX78000/softfp/libPeriphDriver_softfp.a(tmr_common.o)
                0x10005ce8                MXC_TMR_Common_SW_Start
 .text.MXC_TMR_Common_SW_Stop
                0x10005cf0       0x14 C:/MaximSDK/Libraries/PeriphDrivers/bin/MAX78000/softfp/libPeriphDriver_softfp.a(tmr_common.o)
                0x10005cf0                MXC_TMR_Common_SW_Stop
 .text.MXC_TMR_Common_TO_Elapsed
                0x10005d04       0x54 C:/MaximSDK/Libraries/PeriphDrivers/bin/MAX78000/softfp/libPeriphDriver_softfp.a(tmr_common.o)
                0x10005d04                MXC_TMR_Common_TO_Elapsed
 .text.__errno  0x10005d58        0xc c:/maximsdk/tools/gnutools/10.3/bin/../lib/gcc/arm-none-eabi/10.3.1/../../../../arm-none-eabi/lib/thumb/v7e-m+fp/softfp\libc.a(lib_a-errno.o)
                0x10005d58                __errno
 .text.__libc_init_array
                0x10005d64       0x48 c:/maximsdk/tools/gnutools/10.3/bin/../lib/gcc/arm-none-eabi/10.3.1/../../../../arm-none-eabi/lib/thumb/v7e-m+fp/softfp\libc.a(lib_a-init.o)
                0x10005d64                __libc_init_array
 .text.malloc   0x10005dac       0x10 c:/maximsdk/tools/gnutools/10.3/bin/../lib/gcc/arm-none-eabi/10.3.1/../../../../arm-none-eabi/lib/thumb/v7e-m+fp/softfp\libc.a(lib_a-malloc.o)
                0x10005dac                malloc
 .text.free     0x10005dbc       0x10 c:/maximsdk/tools/gnutools/10.3/bin/../lib/gcc/arm-none-eabi/10.3.1/../../../../arm-none-eabi/lib/thumb/v7e-m+fp/softfp\libc.a(lib_a-malloc.o)
                0x10005dbc                free
 .text._malloc_r
                0x10005dcc      0x560 c:/maximsdk/tools/gnutools/10.3/bin/../lib/gcc/arm-none-eabi/10.3.1/../../../../arm-none-eabi/lib/thumb/v7e-m+fp/softfp\libc.a(lib_a-mallocr.o)
                0x10005dcc                _malloc_r
 .text          0x1000632c      0x134 c:/maximsdk/tools/gnutools/10.3/bin/../lib/gcc/arm-none-eabi/10.3.1/../../../../arm-none-eabi/lib/thumb/v7e-m+fp/softfp\libc.a(lib_a-memcpy.o)
                0x1000632c                memcpy
 .text.memset   0x10006460       0xa4 c:/maximsdk/tools/gnutools/10.3/bin/../lib/gcc/arm-none-eabi/10.3.1/../../../../arm-none-eabi/lib/thumb/v7e-m+fp/softfp\libc.a(lib_a-memset.o)
                0x10006460                memset
 .text.__malloc_lock
                0x10006504        0xc c:/maximsdk/tools/gnutools/10.3/bin/../lib/gcc/arm-none-eabi/10.3.1/../../../../arm-none-eabi/lib/thumb/v7e-m+fp/softfp\libc.a(lib_a-mlock.o)
                0x10006504                __malloc_lock
 .text.__malloc_unlock
                0x10006510        0xc c:/maximsdk/tools/gnutools/10.3/bin/../lib/gcc/arm-none-eabi/10.3.1/../../../../arm-none-eabi/lib/thumb/v7e-m+fp/softfp\libc.a(lib_a-mlock.o)
                0x10006510                __malloc_unlock
 .text.printf   0x1000651c       0x28 c:/maximsdk/tools/gnutools/10.3/bin/../lib/gcc/arm-none-eabi/10.3.1/../../../../arm-none-eabi/lib/thumb/v7e-m+fp/softfp\libc.a(lib_a-printf.o)
                0x1000651c                printf
 .text.putchar  0x10006544       0x10 c:/maximsdk/tools/gnutools/10.3/bin/../lib/gcc/arm-none-eabi/10.3.1/../../../../arm-none-eabi/lib/thumb/v7e-m+fp/softfp\libc.a(lib_a-putchar.o)
                0x10006544                putchar
 .text._puts_r  0x10006554       0x9c c:/maximsdk/tools/gnutools/10.3/bin/../lib/gcc/arm-none-eabi/10.3.1/../../../../arm-none-eabi/lib/thumb/v7e-m+fp/softfp\libc.a(lib_a-puts.o)
                0x10006554                _puts_r
 .text.puts     0x100065f0       0x10 c:/maximsdk/tools/gnutools/10.3/bin/../lib/gcc/arm-none-eabi/10.3.1/../../../../arm-none-eabi/lib/thumb/v7e-m+fp/softfp\libc.a(lib_a-puts.o)
                0x100065f0                puts
 .text.rand     0x10006600       0x3c c:/maximsdk/tools/gnutools/10.3/bin/../lib/gcc/arm-none-eabi/10.3.1/../../../../arm-none-eabi/lib/thumb/v7e-m+fp/softfp\libc.a(lib_a-rand.o)
                0x10006600                rand
 .text._sbrk_r  0x1000663c       0x24 c:/maximsdk/tools/gnutools/10.3/bin/../lib/gcc/arm-none-eabi/10.3.1/../../../../arm-none-eabi/lib/thumb/v7e-m+fp/softfp\libc.a(lib_a-sbrkr.o)
                0x1000663c                _sbrk_r
 .text.snprintf
                0x10006660       0x88 c:/maximsdk/tools/gnutools/10.3/bin/../lib/gcc/arm-none-eabi/10.3.1/../../../../arm-none-eabi/lib/thumb/v7e-m+fp/softfp\libc.a(lib_a-snprintf.o)
                0x10006660                snprintf
 *fill*         0x100066e8       0x18 
 .text          0x10006700       0xdc c:/maximsdk/tools/gnutools/10.3/bin/../lib/gcc/arm-none-eabi/10.3.1/../../../../arm-none-eabi/lib/thumb/v7e-m+fp/softfp\libc.a(lib_a-strlen.o)
                0x10006700                strlen
 *fill*         0x100067dc        0x4 
 .text._svfprintf_r
                0x100067e0     0x1ac8 c:/maximsdk/tools/gnutools/10.3/bin/../lib/gcc/arm-none-eabi/10.3.1/../../../../arm-none-eabi/lib/thumb/v7e-m+fp/softfp\libc.a(lib_a-svfprintf.o)
                0x100067e0                _svfprintf_r
 .text._vfprintf_r
                0x100082a8     0x1b8c c:/maximsdk/tools/gnutools/10.3/bin/../lib/gcc/arm-none-eabi/10.3.1/../../../../arm-none-eabi/lib/thumb/v7e-m+fp/softfp\libc.a(lib_a-vfprintf.o)
                0x100082a8                _vfprintf_r
 .text.__sbprintf
                0x10009e34       0x80 c:/maximsdk/tools/gnutools/10.3/bin/../lib/gcc/arm-none-eabi/10.3.1/../../../../arm-none-eabi/lib/thumb/v7e-m+fp/softfp\libc.a(lib_a-vfprintf.o)
 .text.__swsetup_r
                0x10009eb4       0xd4 c:/maximsdk/tools/gnutools/10.3/bin/../lib/gcc/arm-none-eabi/10.3.1/../../../../arm-none-eabi/lib/thumb/v7e-m+fp/softfp\libc.a(lib_a-wsetup.o)
                0x10009eb4                __swsetup_r
 .text.startup.register_fini
                0x10009f88       0x14 c:/maximsdk/tools/gnutools/10.3/bin/../lib/gcc/arm-none-eabi/10.3.1/../../../../arm-none-eabi/lib/thumb/v7e-m+fp/softfp\libc.a(lib_a-__call_atexit.o)
 .text.atexit   0x10009f9c        0xc c:/maximsdk/tools/gnutools/10.3/bin/../lib/gcc/arm-none-eabi/10.3.1/../../../../arm-none-eabi/lib/thumb/v7e-m+fp/softfp\libc.a(lib_a-atexit.o)
                0x10009f9c                atexit
 .text.quorem   0x10009fa8      0x128 c:/maximsdk/tools/gnutools/10.3/bin/../lib/gcc/arm-none-eabi/10.3.1/../../../../arm-none-eabi/lib/thumb/v7e-m+fp/softfp\libc.a(lib_a-dtoa.o)
 .text._dtoa_r  0x1000a0d0      0xf34 c:/maximsdk/tools/gnutools/10.3/bin/../lib/gcc/arm-none-eabi/10.3.1/../../../../arm-none-eabi/lib/thumb/v7e-m+fp/softfp\libc.a(lib_a-dtoa.o)
                0x1000a0d0                _dtoa_r
 .text.__sflush_r
                0x1000b004      0x130 c:/maximsdk/tools/gnutools/10.3/bin/../lib/gcc/arm-none-eabi/10.3.1/../../../../arm-none-eabi/lib/thumb/v7e-m+fp/softfp\libc.a(lib_a-fflush.o)
                0x1000b004                __sflush_r
 .text._fflush_r
                0x1000b134       0x5c c:/maximsdk/tools/gnutools/10.3/bin/../lib/gcc/arm-none-eabi/10.3.1/../../../../arm-none-eabi/lib/thumb/v7e-m+fp/softfp\libc.a(lib_a-fflush.o)
                0x1000b134                _fflush_r
 .text._cleanup_r
                0x1000b190        0xc c:/maximsdk/tools/gnutools/10.3/bin/../lib/gcc/arm-none-eabi/10.3.1/../../../../arm-none-eabi/lib/thumb/v7e-m+fp/softfp\libc.a(lib_a-findfp.o)
                0x1000b190                _cleanup_r
 .text.__sinit  0x1000b19c      0x10c c:/maximsdk/tools/gnutools/10.3/bin/../lib/gcc/arm-none-eabi/10.3.1/../../../../arm-none-eabi/lib/thumb/v7e-m+fp/softfp\libc.a(lib_a-findfp.o)
                0x1000b19c                __sinit
 .text.__sfp_lock_acquire
                0x1000b2a8        0xc c:/maximsdk/tools/gnutools/10.3/bin/../lib/gcc/arm-none-eabi/10.3.1/../../../../arm-none-eabi/lib/thumb/v7e-m+fp/softfp\libc.a(lib_a-findfp.o)
                0x1000b2a8                __sfp_lock_acquire
 .text.__sfp_lock_release
                0x1000b2b4        0xc c:/maximsdk/tools/gnutools/10.3/bin/../lib/gcc/arm-none-eabi/10.3.1/../../../../arm-none-eabi/lib/thumb/v7e-m+fp/softfp\libc.a(lib_a-findfp.o)
                0x1000b2b4                __sfp_lock_release
 .text.__libc_fini_array
                0x1000b2c0       0x2c c:/maximsdk/tools/gnutools/10.3/bin/../lib/gcc/arm-none-eabi/10.3.1/../../../../arm-none-eabi/lib/thumb/v7e-m+fp/softfp\libc.a(lib_a-fini.o)
                0x1000b2c0                __libc_fini_array
 .text._malloc_trim_r
                0x1000b2ec       0xa0 c:/maximsdk/tools/gnutools/10.3/bin/../lib/gcc/arm-none-eabi/10.3.1/../../../../arm-none-eabi/lib/thumb/v7e-m+fp/softfp\libc.a(lib_a-freer.o)
                0x1000b2ec                _malloc_trim_r
 .text._free_r  0x1000b38c      0x20c c:/maximsdk/tools/gnutools/10.3/bin/../lib/gcc/arm-none-eabi/10.3.1/../../../../arm-none-eabi/lib/thumb/v7e-m+fp/softfp\libc.a(lib_a-freer.o)
                0x1000b38c                _free_r
 .text.__sfvwrite_r
                0x1000b598      0x2f0 c:/maximsdk/tools/gnutools/10.3/bin/../lib/gcc/arm-none-eabi/10.3.1/../../../../arm-none-eabi/lib/thumb/v7e-m+fp/softfp\libc.a(lib_a-fvwrite.o)
                0x1000b598                __sfvwrite_r
 .text._fwalk_reent
                0x1000b888       0x48 c:/maximsdk/tools/gnutools/10.3/bin/../lib/gcc/arm-none-eabi/10.3.1/../../../../arm-none-eabi/lib/thumb/v7e-m+fp/softfp\libc.a(lib_a-fwalk.o)
                0x1000b888                _fwalk_reent
 .text._localeconv_r
                0x1000b8d0        0x8 c:/maximsdk/tools/gnutools/10.3/bin/../lib/gcc/arm-none-eabi/10.3.1/../../../../arm-none-eabi/lib/thumb/v7e-m+fp/softfp\libc.a(lib_a-localeconv.o)
                0x1000b8d0                _localeconv_r
 .text.__retarget_lock_init_recursive
                0x1000b8d8        0x4 c:/maximsdk/tools/gnutools/10.3/bin/../lib/gcc/arm-none-eabi/10.3.1/../../../../arm-none-eabi/lib/thumb/v7e-m+fp/softfp\libc.a(lib_a-lock.o)
                0x1000b8d8                __retarget_lock_init_recursive
 .text.__retarget_lock_close_recursive
                0x1000b8dc        0x4 c:/maximsdk/tools/gnutools/10.3/bin/../lib/gcc/arm-none-eabi/10.3.1/../../../../arm-none-eabi/lib/thumb/v7e-m+fp/softfp\libc.a(lib_a-lock.o)
                0x1000b8dc                __retarget_lock_close_recursive
 .text.__retarget_lock_acquire_recursive
                0x1000b8e0        0x4 c:/maximsdk/tools/gnutools/10.3/bin/../lib/gcc/arm-none-eabi/10.3.1/../../../../arm-none-eabi/lib/thumb/v7e-m+fp/softfp\libc.a(lib_a-lock.o)
                0x1000b8e0                __retarget_lock_acquire_recursive
 .text.__retarget_lock_release_recursive
                0x1000b8e4        0x4 c:/maximsdk/tools/gnutools/10.3/bin/../lib/gcc/arm-none-eabi/10.3.1/../../../../arm-none-eabi/lib/thumb/v7e-m+fp/softfp\libc.a(lib_a-lock.o)
                0x1000b8e4                __retarget_lock_release_recursive
 .text.__smakebuf_r
                0x1000b8e8       0xe0 c:/maximsdk/tools/gnutools/10.3/bin/../lib/gcc/arm-none-eabi/10.3.1/../../../../arm-none-eabi/lib/thumb/v7e-m+fp/softfp\libc.a(lib_a-makebuf.o)
                0x1000b8e8                __smakebuf_r
 *fill*         0x1000b9c8        0x8 
 .text          0x1000b9d0       0xa0 c:/maximsdk/tools/gnutools/10.3/bin/../lib/gcc/arm-none-eabi/10.3.1/../../../../arm-none-eabi/lib/thumb/v7e-m+fp/softfp\libc.a(lib_a-memchr.o)
                0x1000b9d0                memchr
 .text.memmove  0x1000ba70       0xf8 c:/maximsdk/tools/gnutools/10.3/bin/../lib/gcc/arm-none-eabi/10.3.1/../../../../arm-none-eabi/lib/thumb/v7e-m+fp/softfp\libc.a(lib_a-memmove.o)
                0x1000ba70                memmove
 .text._Balloc  0x1000bb68       0x4c c:/maximsdk/tools/gnutools/10.3/bin/../lib/gcc/arm-none-eabi/10.3.1/../../../../arm-none-eabi/lib/thumb/v7e-m+fp/softfp\libc.a(lib_a-mprec.o)
                0x1000bb68                _Balloc
 .text._Bfree   0x1000bbb4       0x14 c:/maximsdk/tools/gnutools/10.3/bin/../lib/gcc/arm-none-eabi/10.3.1/../../../../arm-none-eabi/lib/thumb/v7e-m+fp/softfp\libc.a(lib_a-mprec.o)
                0x1000bbb4                _Bfree
 .text.__multadd
                0x1000bbc8       0xa8 c:/maximsdk/tools/gnutools/10.3/bin/../lib/gcc/arm-none-eabi/10.3.1/../../../../arm-none-eabi/lib/thumb/v7e-m+fp/softfp\libc.a(lib_a-mprec.o)
                0x1000bbc8                __multadd
 .text.__hi0bits
                0x1000bc70       0x40 c:/maximsdk/tools/gnutools/10.3/bin/../lib/gcc/arm-none-eabi/10.3.1/../../../../arm-none-eabi/lib/thumb/v7e-m+fp/softfp\libc.a(lib_a-mprec.o)
                0x1000bc70                __hi0bits
 .text.__lo0bits
                0x1000bcb0       0x60 c:/maximsdk/tools/gnutools/10.3/bin/../lib/gcc/arm-none-eabi/10.3.1/../../../../arm-none-eabi/lib/thumb/v7e-m+fp/softfp\libc.a(lib_a-mprec.o)
                0x1000bcb0                __lo0bits
 .text.__i2b    0x1000bd10       0x5c c:/maximsdk/tools/gnutools/10.3/bin/../lib/gcc/arm-none-eabi/10.3.1/../../../../arm-none-eabi/lib/thumb/v7e-m+fp/softfp\libc.a(lib_a-mprec.o)
                0x1000bd10                __i2b
 .text.__multiply
                0x1000bd6c      0x15c c:/maximsdk/tools/gnutools/10.3/bin/../lib/gcc/arm-none-eabi/10.3.1/../../../../arm-none-eabi/lib/thumb/v7e-m+fp/softfp\libc.a(lib_a-mprec.o)
                0x1000bd6c                __multiply
 .text.__pow5mult
                0x1000bec8       0xc0 c:/maximsdk/tools/gnutools/10.3/bin/../lib/gcc/arm-none-eabi/10.3.1/../../../../arm-none-eabi/lib/thumb/v7e-m+fp/softfp\libc.a(lib_a-mprec.o)
                0x1000bec8                __pow5mult
 .text.__lshift
                0x1000bf88       0xf0 c:/maximsdk/tools/gnutools/10.3/bin/../lib/gcc/arm-none-eabi/10.3.1/../../../../arm-none-eabi/lib/thumb/v7e-m+fp/softfp\libc.a(lib_a-mprec.o)
                0x1000bf88                __lshift
 .text.__mcmp   0x1000c078       0x44 c:/maximsdk/tools/gnutools/10.3/bin/../lib/gcc/arm-none-eabi/10.3.1/../../../../arm-none-eabi/lib/thumb/v7e-m+fp/softfp\libc.a(lib_a-mprec.o)
                0x1000c078                __mcmp
 .text.__mdiff  0x1000c0bc      0x14c c:/maximsdk/tools/gnutools/10.3/bin/../lib/gcc/arm-none-eabi/10.3.1/../../../../arm-none-eabi/lib/thumb/v7e-m+fp/softfp\libc.a(lib_a-mprec.o)
                0x1000c0bc                __mdiff
 .text.__d2b    0x1000c208       0xc4 c:/maximsdk/tools/gnutools/10.3/bin/../lib/gcc/arm-none-eabi/10.3.1/../../../../arm-none-eabi/lib/thumb/v7e-m+fp/softfp\libc.a(lib_a-mprec.o)
                0x1000c208                __d2b
 .text._putc_r  0x1000c2cc       0x74 c:/maximsdk/tools/gnutools/10.3/bin/../lib/gcc/arm-none-eabi/10.3.1/../../../../arm-none-eabi/lib/thumb/v7e-m+fp/softfp\libc.a(lib_a-putc.o)
                0x1000c2cc                _putc_r
 .text._realloc_r
                0x1000c340      0x3d8 c:/maximsdk/tools/gnutools/10.3/bin/../lib/gcc/arm-none-eabi/10.3.1/../../../../arm-none-eabi/lib/thumb/v7e-m+fp/softfp\libc.a(lib_a-reallocr.o)
                0x1000c340                _realloc_r
 .text.frexp    0x1000c718       0x70 c:/maximsdk/tools/gnutools/10.3/bin/../lib/gcc/arm-none-eabi/10.3.1/../../../../arm-none-eabi/lib/thumb/v7e-m+fp/softfp\libc.a(lib_a-s_frexp.o)
                0x1000c718                frexp
 .text.__sread  0x1000c788       0x24 c:/maximsdk/tools/gnutools/10.3/bin/../lib/gcc/arm-none-eabi/10.3.1/../../../../arm-none-eabi/lib/thumb/v7e-m+fp/softfp\libc.a(lib_a-stdio.o)
                0x1000c788                __sread
 .text.__swrite
                0x1000c7ac       0x40 c:/maximsdk/tools/gnutools/10.3/bin/../lib/gcc/arm-none-eabi/10.3.1/../../../../arm-none-eabi/lib/thumb/v7e-m+fp/softfp\libc.a(lib_a-stdio.o)
                0x1000c7ac                __swrite
 .text.__sseek  0x1000c7ec       0x20 c:/maximsdk/tools/gnutools/10.3/bin/../lib/gcc/arm-none-eabi/10.3.1/../../../../arm-none-eabi/lib/thumb/v7e-m+fp/softfp\libc.a(lib_a-stdio.o)
                0x1000c7ec                __sseek
 .text.__sclose
                0x1000c80c        0x8 c:/maximsdk/tools/gnutools/10.3/bin/../lib/gcc/arm-none-eabi/10.3.1/../../../../arm-none-eabi/lib/thumb/v7e-m+fp/softfp\libc.a(lib_a-stdio.o)
                0x1000c80c                __sclose
 .text.strncpy  0x1000c814       0x64 c:/maximsdk/tools/gnutools/10.3/bin/../lib/gcc/arm-none-eabi/10.3.1/../../../../arm-none-eabi/lib/thumb/v7e-m+fp/softfp\libc.a(lib_a-strncpy.o)
                0x1000c814                strncpy
 .text.__ssprint_r
                0x1000c878       0xf8 c:/maximsdk/tools/gnutools/10.3/bin/../lib/gcc/arm-none-eabi/10.3.1/../../../../arm-none-eabi/lib/thumb/v7e-m+fp/softfp\libc.a(lib_a-svfiprintf.o)
                0x1000c878                __ssprint_r
 .text.__sprint_r.part.0
                0x1000c970       0x78 c:/maximsdk/tools/gnutools/10.3/bin/../lib/gcc/arm-none-eabi/10.3.1/../../../../arm-none-eabi/lib/thumb/v7e-m+fp/softfp\libc.a(lib_a-vfiprintf.o)
 .text.__sprint_r
                0x1000c9e8       0x18 c:/maximsdk/tools/gnutools/10.3/bin/../lib/gcc/arm-none-eabi/10.3.1/../../../../arm-none-eabi/lib/thumb/v7e-m+fp/softfp\libc.a(lib_a-vfiprintf.o)
                0x1000c9e8                __sprint_r
 .text._vfiprintf_r
                0x1000ca00      0xdfc c:/maximsdk/tools/gnutools/10.3/bin/../lib/gcc/arm-none-eabi/10.3.1/../../../../arm-none-eabi/lib/thumb/v7e-m+fp/softfp\libc.a(lib_a-vfiprintf.o)
                0x1000ca00                _vfiprintf_r
 .text.__sbprintf
                0x1000d7fc       0x80 c:/maximsdk/tools/gnutools/10.3/bin/../lib/gcc/arm-none-eabi/10.3.1/../../../../arm-none-eabi/lib/thumb/v7e-m+fp/softfp\libc.a(lib_a-vfiprintf.o)
 .text.__swbuf_r
                0x1000d87c       0xb0 c:/maximsdk/tools/gnutools/10.3/bin/../lib/gcc/arm-none-eabi/10.3.1/../../../../arm-none-eabi/lib/thumb/v7e-m+fp/softfp\libc.a(lib_a-wbuf.o)
                0x1000d87c                __swbuf_r
 .text._write_r
                0x1000d92c       0x2c c:/maximsdk/tools/gnutools/10.3/bin/../lib/gcc/arm-none-eabi/10.3.1/../../../../arm-none-eabi/lib/thumb/v7e-m+fp/softfp\libc.a(lib_a-writer.o)
                0x1000d92c                _write_r
 .text.__register_exitproc
                0x1000d958       0x8c c:/maximsdk/tools/gnutools/10.3/bin/../lib/gcc/arm-none-eabi/10.3.1/../../../../arm-none-eabi/lib/thumb/v7e-m+fp/softfp\libc.a(lib_a-__atexit.o)
                0x1000d958                __register_exitproc
 .text.__assert_func
                0x1000d9e4       0x40 c:/maximsdk/tools/gnutools/10.3/bin/../lib/gcc/arm-none-eabi/10.3.1/../../../../arm-none-eabi/lib/thumb/v7e-m+fp/softfp\libc.a(lib_a-assert.o)
                0x1000d9e4                __assert_func
 .text._calloc_r
                0x1000da24       0x78 c:/maximsdk/tools/gnutools/10.3/bin/../lib/gcc/arm-none-eabi/10.3.1/../../../../arm-none-eabi/lib/thumb/v7e-m+fp/softfp\libc.a(lib_a-callocr.o)
                0x1000da24                _calloc_r
 .text._close_r
                0x1000da9c       0x24 c:/maximsdk/tools/gnutools/10.3/bin/../lib/gcc/arm-none-eabi/10.3.1/../../../../arm-none-eabi/lib/thumb/v7e-m+fp/softfp\libc.a(lib_a-closer.o)
                0x1000da9c                _close_r
 .text._fclose_r
                0x1000dac0       0xcc c:/maximsdk/tools/gnutools/10.3/bin/../lib/gcc/arm-none-eabi/10.3.1/../../../../arm-none-eabi/lib/thumb/v7e-m+fp/softfp\libc.a(lib_a-fclose.o)
                0x1000dac0                _fclose_r
 .text.fiprintf
                0x1000db8c       0x28 c:/maximsdk/tools/gnutools/10.3/bin/../lib/gcc/arm-none-eabi/10.3.1/../../../../arm-none-eabi/lib/thumb/v7e-m+fp/softfp\libc.a(lib_a-fiprintf.o)
                0x1000db8c                fiprintf
 .text.__fputwc
                0x1000dbb4       0xa8 c:/maximsdk/tools/gnutools/10.3/bin/../lib/gcc/arm-none-eabi/10.3.1/../../../../arm-none-eabi/lib/thumb/v7e-m+fp/softfp\libc.a(lib_a-fputwc.o)
                0x1000dbb4                __fputwc
 .text._fputwc_r
                0x1000dc5c       0x68 c:/maximsdk/tools/gnutools/10.3/bin/../lib/gcc/arm-none-eabi/10.3.1/../../../../arm-none-eabi/lib/thumb/v7e-m+fp/softfp\libc.a(lib_a-fputwc.o)
                0x1000dc5c                _fputwc_r
 .text._fstat_r
                0x1000dcc4       0x2c c:/maximsdk/tools/gnutools/10.3/bin/../lib/gcc/arm-none-eabi/10.3.1/../../../../arm-none-eabi/lib/thumb/v7e-m+fp/softfp\libc.a(lib_a-fstatr.o)
                0x1000dcc4                _fstat_r
 .text._isatty_r
                0x1000dcf0       0x24 c:/maximsdk/tools/gnutools/10.3/bin/../lib/gcc/arm-none-eabi/10.3.1/../../../../arm-none-eabi/lib/thumb/v7e-m+fp/softfp\libc.a(lib_a-isattyr.o)
                0x1000dcf0                _isatty_r
 .text.__locale_mb_cur_max
                0x1000dd14        0xc c:/maximsdk/tools/gnutools/10.3/bin/../lib/gcc/arm-none-eabi/10.3.1/../../../../arm-none-eabi/lib/thumb/v7e-m+fp/softfp\libc.a(lib_a-locale.o)
                0x1000dd14                __locale_mb_cur_max
 .text._lseek_r
                0x1000dd20       0x2c c:/maximsdk/tools/gnutools/10.3/bin/../lib/gcc/arm-none-eabi/10.3.1/../../../../arm-none-eabi/lib/thumb/v7e-m+fp/softfp\libc.a(lib_a-lseekr.o)
                0x1000dd20                _lseek_r
 .text.__ascii_mbtowc
                0x1000dd4c       0x2c c:/maximsdk/tools/gnutools/10.3/bin/../lib/gcc/arm-none-eabi/10.3.1/../../../../arm-none-eabi/lib/thumb/v7e-m+fp/softfp\libc.a(lib_a-mbtowc_r.o)
                0x1000dd4c                __ascii_mbtowc
 .text._read_r  0x1000dd78       0x2c c:/maximsdk/tools/gnutools/10.3/bin/../lib/gcc/arm-none-eabi/10.3.1/../../../../arm-none-eabi/lib/thumb/v7e-m+fp/softfp\libc.a(lib_a-readr.o)
                0x1000dd78                _read_r
 .text._wcrtomb_r
                0x1000dda4       0x3c c:/maximsdk/tools/gnutools/10.3/bin/../lib/gcc/arm-none-eabi/10.3.1/../../../../arm-none-eabi/lib/thumb/v7e-m+fp/softfp\libc.a(lib_a-wcrtomb.o)
                0x1000dda4                _wcrtomb_r
 .text.__ascii_wctomb
                0x1000dde0       0x1c c:/maximsdk/tools/gnutools/10.3/bin/../lib/gcc/arm-none-eabi/10.3.1/../../../../arm-none-eabi/lib/thumb/v7e-m+fp/softfp\libc.a(lib_a-wctomb_r.o)
                0x1000dde0                __ascii_wctomb
 .text.abort    0x1000ddfc       0x10 c:/maximsdk/tools/gnutools/10.3/bin/../lib/gcc/arm-none-eabi/10.3.1/../../../../arm-none-eabi/lib/thumb/v7e-m+fp/softfp\libc.a(lib_a-abort.o)
                0x1000ddfc                abort
 .text.raise    0x1000de0c       0x5c c:/maximsdk/tools/gnutools/10.3/bin/../lib/gcc/arm-none-eabi/10.3.1/../../../../arm-none-eabi/lib/thumb/v7e-m+fp/softfp\libc.a(lib_a-signal.o)
                0x1000de0c                raise
 .text._kill_r  0x1000de68       0x2c c:/maximsdk/tools/gnutools/10.3/bin/../lib/gcc/arm-none-eabi/10.3.1/../../../../arm-none-eabi/lib/thumb/v7e-m+fp/softfp\libc.a(lib_a-signalr.o)
                0x1000de68                _kill_r
 .text._getpid_r
                0x1000de94        0x4 c:/maximsdk/tools/gnutools/10.3/bin/../lib/gcc/arm-none-eabi/10.3.1/../../../../arm-none-eabi/lib/thumb/v7e-m+fp/softfp\libc.a(lib_a-signalr.o)
                0x1000de94                _getpid_r
 .text._exit    0x1000de98        0x4 c:/maximsdk/tools/gnutools/10.3/bin/../lib/gcc/arm-none-eabi/10.3.1/../../../../arm-none-eabi/lib/thumb/v7e-m+fp/softfp\libnosys.a(_exit.o)
                0x1000de98                _exit
 .text          0x1000de9c      0x378 c:/maximsdk/tools/gnutools/10.3/bin/../lib/gcc/arm-none-eabi/10.3.1/thumb/v7e-m+fp/softfp\libgcc.a(_arm_addsubdf3.o)
                0x1000de9c                __aeabi_drsub
                0x1000dea4                __aeabi_dsub
                0x1000dea4                __subdf3
                0x1000dea8                __aeabi_dadd
                0x1000dea8                __adddf3
                0x1000e120                __floatunsidf
                0x1000e120                __aeabi_ui2d
                0x1000e140                __floatsidf
                0x1000e140                __aeabi_i2d
                0x1000e164                __aeabi_f2d
                0x1000e164                __extendsfdf2
                0x1000e1a8                __floatundidf
                0x1000e1a8                __aeabi_ul2d
                0x1000e1b8                __floatdidf
                0x1000e1b8                __aeabi_l2d
 .text          0x1000e214      0x424 c:/maximsdk/tools/gnutools/10.3/bin/../lib/gcc/arm-none-eabi/10.3.1/thumb/v7e-m+fp/softfp\libgcc.a(_arm_muldivdf3.o)
                0x1000e214                __aeabi_dmul
                0x1000e214                __muldf3
                0x1000e468                __divdf3
                0x1000e468                __aeabi_ddiv
 .text          0x1000e638      0x110 c:/maximsdk/tools/gnutools/10.3/bin/../lib/gcc/arm-none-eabi/10.3.1/thumb/v7e-m+fp/softfp\libgcc.a(_arm_cmpdf2.o)
                0x1000e638                __gtdf2
                0x1000e638                __gedf2
                0x1000e640                __ltdf2
                0x1000e640                __ledf2
                0x1000e648                __nedf2
                0x1000e648                __eqdf2
                0x1000e648                __cmpdf2
                0x1000e6c4                __aeabi_cdrcmple
                0x1000e6d4                __aeabi_cdcmpeq
                0x1000e6d4                __aeabi_cdcmple
                0x1000e6e4                __aeabi_dcmpeq
                0x1000e6f8                __aeabi_dcmplt
                0x1000e70c                __aeabi_dcmple
                0x1000e720                __aeabi_dcmpge
                0x1000e734                __aeabi_dcmpgt
 .text          0x1000e748       0x2c c:/maximsdk/tools/gnutools/10.3/bin/../lib/gcc/arm-none-eabi/10.3.1/thumb/v7e-m+fp/softfp\libgcc.a(_arm_unorddf2.o)
                0x1000e748                __unorddf2
                0x1000e748                __aeabi_dcmpun
 .text          0x1000e774       0x50 c:/maximsdk/tools/gnutools/10.3/bin/../lib/gcc/arm-none-eabi/10.3.1/thumb/v7e-m+fp/softfp\libgcc.a(_arm_fixdfsi.o)
                0x1000e774                __aeabi_d2iz
                0x1000e774                __fixdfsi
 .text          0x1000e7c4       0xa0 c:/maximsdk/tools/gnutools/10.3/bin/../lib/gcc/arm-none-eabi/10.3.1/thumb/v7e-m+fp/softfp\libgcc.a(_aeabi_ldivmod.o)
                0x1000e7c4                __aeabi_ldivmod
 .text          0x1000e864       0x30 c:/maximsdk/tools/gnutools/10.3/bin/../lib/gcc/arm-none-eabi/10.3.1/thumb/v7e-m+fp/softfp\libgcc.a(_aeabi_uldivmod.o)
                0x1000e864                __aeabi_uldivmod
 .text          0x1000e894      0x2d0 c:/maximsdk/tools/gnutools/10.3/bin/../lib/gcc/arm-none-eabi/10.3.1/thumb/v7e-m+fp/softfp\libgcc.a(_udivmoddi4.o)
                0x1000e894                __udivmoddi4
 .text          0x1000eb64        0x4 c:/maximsdk/tools/gnutools/10.3/bin/../lib/gcc/arm-none-eabi/10.3.1/thumb/v7e-m+fp/softfp\libgcc.a(_dvmd_tls.o)
                0x1000eb64                __aeabi_idiv0
                0x1000eb64                __aeabi_ldiv0
 *(.rodata*)
 .rodata.kernels_0
                0x1000eb68      0x524 c:/MaximSDK/Examples/MAX78000/CNN/rps-demo/build/cnn.o
 .rodata.kernels_1
                0x1000f08c      0x158 c:/MaximSDK/Examples/MAX78000/CNN/rps-demo/build/cnn.o
 .rodata.kernels_10
                0x1000f1e4      0x494 c:/MaximSDK/Examples/MAX78000/CNN/rps-demo/build/cnn.o
 .rodata.kernels_11
                0x1000f678      0x494 c:/MaximSDK/Examples/MAX78000/CNN/rps-demo/build/cnn.o
 .rodata.kernels_12
                0x1000fb0c      0x494 c:/MaximSDK/Examples/MAX78000/CNN/rps-demo/build/cnn.o
 .rodata.kernels_13
                0x1000ffa0      0x494 c:/MaximSDK/Examples/MAX78000/CNN/rps-demo/build/cnn.o
 .rodata.kernels_14
                0x10010434      0x494 c:/MaximSDK/Examples/MAX78000/CNN/rps-demo/build/cnn.o
 .rodata.kernels_15
                0x100108c8      0x494 c:/MaximSDK/Examples/MAX78000/CNN/rps-demo/build/cnn.o
 .rodata.kernels_16
                0x10010d5c      0x524 c:/MaximSDK/Examples/MAX78000/CNN/rps-demo/build/cnn.o
 .rodata.kernels_17
                0x10011280      0x494 c:/MaximSDK/Examples/MAX78000/CNN/rps-demo/build/cnn.o
 .rodata.kernels_18
                0x10011714      0x494 c:/MaximSDK/Examples/MAX78000/CNN/rps-demo/build/cnn.o
 .rodata.kernels_19
                0x10011ba8      0x494 c:/MaximSDK/Examples/MAX78000/CNN/rps-demo/build/cnn.o
 .rodata.kernels_2
                0x1001203c      0x158 c:/MaximSDK/Examples/MAX78000/CNN/rps-demo/build/cnn.o
 .rodata.kernels_20
                0x10012194      0x494 c:/MaximSDK/Examples/MAX78000/CNN/rps-demo/build/cnn.o
 .rodata.kernels_21
                0x10012628      0x494 c:/MaximSDK/Examples/MAX78000/CNN/rps-demo/build/cnn.o
 .rodata.kernels_22
                0x10012abc      0x494 c:/MaximSDK/Examples/MAX78000/CNN/rps-demo/build/cnn.o
 .rodata.kernels_23
                0x10012f50      0x494 c:/MaximSDK/Examples/MAX78000/CNN/rps-demo/build/cnn.o
 .rodata.kernels_24
                0x100133e4      0x494 c:/MaximSDK/Examples/MAX78000/CNN/rps-demo/build/cnn.o
 .rodata.kernels_25
                0x10013878      0x494 c:/MaximSDK/Examples/MAX78000/CNN/rps-demo/build/cnn.o
 .rodata.kernels_26
                0x10013d0c      0x494 c:/MaximSDK/Examples/MAX78000/CNN/rps-demo/build/cnn.o
 .rodata.kernels_27
                0x100141a0      0x494 c:/MaximSDK/Examples/MAX78000/CNN/rps-demo/build/cnn.o
 .rodata.kernels_28
                0x10014634      0x494 c:/MaximSDK/Examples/MAX78000/CNN/rps-demo/build/cnn.o
 .rodata.kernels_29
                0x10014ac8      0x494 c:/MaximSDK/Examples/MAX78000/CNN/rps-demo/build/cnn.o
 .rodata.kernels_3
                0x10014f5c      0x158 c:/MaximSDK/Examples/MAX78000/CNN/rps-demo/build/cnn.o
 .rodata.kernels_30
                0x100150b4      0x494 c:/MaximSDK/Examples/MAX78000/CNN/rps-demo/build/cnn.o
 .rodata.kernels_31
                0x10015548      0x494 c:/MaximSDK/Examples/MAX78000/CNN/rps-demo/build/cnn.o
 .rodata.kernels_32
                0x100159dc      0x4ec c:/MaximSDK/Examples/MAX78000/CNN/rps-demo/build/cnn.o
 .rodata.kernels_33
                0x10015ec8      0x45c c:/MaximSDK/Examples/MAX78000/CNN/rps-demo/build/cnn.o
 .rodata.kernels_34
                0x10016324      0x45c c:/MaximSDK/Examples/MAX78000/CNN/rps-demo/build/cnn.o
 .rodata.kernels_35
                0x10016780      0x45c c:/MaximSDK/Examples/MAX78000/CNN/rps-demo/build/cnn.o
 .rodata.kernels_36
                0x10016bdc      0x4ec c:/MaximSDK/Examples/MAX78000/CNN/rps-demo/build/cnn.o
 .rodata.kernels_37
                0x100170c8      0x4ec c:/MaximSDK/Examples/MAX78000/CNN/rps-demo/build/cnn.o
 .rodata.kernels_38
                0x100175b4      0x4ec c:/MaximSDK/Examples/MAX78000/CNN/rps-demo/build/cnn.o
 .rodata.kernels_39
                0x10017aa0      0x4ec c:/MaximSDK/Examples/MAX78000/CNN/rps-demo/build/cnn.o
 .rodata.kernels_4
                0x10017f8c      0x494 c:/MaximSDK/Examples/MAX78000/CNN/rps-demo/build/cnn.o
 .rodata.kernels_40
                0x10018420      0x4ec c:/MaximSDK/Examples/MAX78000/CNN/rps-demo/build/cnn.o
 .rodata.kernels_41
                0x1001890c      0x4ec c:/MaximSDK/Examples/MAX78000/CNN/rps-demo/build/cnn.o
 .rodata.kernels_42
                0x10018df8      0x4ec c:/MaximSDK/Examples/MAX78000/CNN/rps-demo/build/cnn.o
 .rodata.kernels_43
                0x100192e4      0x4ec c:/MaximSDK/Examples/MAX78000/CNN/rps-demo/build/cnn.o
 .rodata.kernels_44
                0x100197d0      0x4ec c:/MaximSDK/Examples/MAX78000/CNN/rps-demo/build/cnn.o
 .rodata.kernels_45
                0x10019cbc      0x4ec c:/MaximSDK/Examples/MAX78000/CNN/rps-demo/build/cnn.o
 .rodata.kernels_46
                0x1001a1a8      0x4ec c:/MaximSDK/Examples/MAX78000/CNN/rps-demo/build/cnn.o
 .rodata.kernels_47
                0x1001a694      0x4ec c:/MaximSDK/Examples/MAX78000/CNN/rps-demo/build/cnn.o
 .rodata.kernels_48
                0x1001ab80      0x4ec c:/MaximSDK/Examples/MAX78000/CNN/rps-demo/build/cnn.o
 .rodata.kernels_49
                0x1001b06c      0x4ec c:/MaximSDK/Examples/MAX78000/CNN/rps-demo/build/cnn.o
 .rodata.kernels_5
                0x1001b558      0x494 c:/MaximSDK/Examples/MAX78000/CNN/rps-demo/build/cnn.o
 .rodata.kernels_50
                0x1001b9ec      0x4ec c:/MaximSDK/Examples/MAX78000/CNN/rps-demo/build/cnn.o
 .rodata.kernels_51
                0x1001bed8      0x4ec c:/MaximSDK/Examples/MAX78000/CNN/rps-demo/build/cnn.o
 .rodata.kernels_52
                0x1001c3c4      0x240 c:/MaximSDK/Examples/MAX78000/CNN/rps-demo/build/cnn.o
 .rodata.kernels_53
                0x1001c604      0x240 c:/MaximSDK/Examples/MAX78000/CNN/rps-demo/build/cnn.o
 .rodata.kernels_54
                0x1001c844      0x240 c:/MaximSDK/Examples/MAX78000/CNN/rps-demo/build/cnn.o
 .rodata.kernels_55
                0x1001ca84      0x240 c:/MaximSDK/Examples/MAX78000/CNN/rps-demo/build/cnn.o
 .rodata.kernels_56
                0x1001ccc4      0x240 c:/MaximSDK/Examples/MAX78000/CNN/rps-demo/build/cnn.o
 .rodata.kernels_57
                0x1001cf04      0x240 c:/MaximSDK/Examples/MAX78000/CNN/rps-demo/build/cnn.o
 .rodata.kernels_58
                0x1001d144      0x240 c:/MaximSDK/Examples/MAX78000/CNN/rps-demo/build/cnn.o
 .rodata.kernels_59
                0x1001d384      0x240 c:/MaximSDK/Examples/MAX78000/CNN/rps-demo/build/cnn.o
 .rodata.kernels_6
                0x1001d5c4      0x494 c:/MaximSDK/Examples/MAX78000/CNN/rps-demo/build/cnn.o
 .rodata.kernels_60
                0x1001da58      0x240 c:/MaximSDK/Examples/MAX78000/CNN/rps-demo/build/cnn.o
 .rodata.kernels_61
                0x1001dc98      0x240 c:/MaximSDK/Examples/MAX78000/CNN/rps-demo/build/cnn.o
 .rodata.kernels_62
                0x1001ded8      0x240 c:/MaximSDK/Examples/MAX78000/CNN/rps-demo/build/cnn.o
 .rodata.kernels_63
                0x1001e118      0x240 c:/MaximSDK/Examples/MAX78000/CNN/rps-demo/build/cnn.o
 .rodata.kernels_7
                0x1001e358      0x494 c:/MaximSDK/Examples/MAX78000/CNN/rps-demo/build/cnn.o
 .rodata.kernels_8
                0x1001e7ec      0x494 c:/MaximSDK/Examples/MAX78000/CNN/rps-demo/build/cnn.o
 .rodata.kernels_9
                0x1001ec80      0x494 c:/MaximSDK/Examples/MAX78000/CNN/rps-demo/build/cnn.o
 .rodata.main.str1.4
                0x1001f114      0x1be c:/MaximSDK/Examples/MAX78000/CNN/rps-demo/build/main.o
 *fill*         0x1001f2d2        0x2 
 .rodata.classes
                0x1001f2d4       0x1e c:/MaximSDK/Examples/MAX78000/CNN/rps-demo/build/main.o
                0x1001f2d4                classes
 *fill*         0x1001f2f2        0x2 
 .rodata.mxc_assert.str1.4
                0x1001f2f4       0x19 c:/MaximSDK/Examples/MAX78000/CNN/rps-demo/build/board.o
 *fill*         0x1001f30d        0x3 
 .rodata.Board_Init.str1.4
                0x1001f310       0x45 c:/MaximSDK/Examples/MAX78000/CNN/rps-demo/build/board.o
 *fill*         0x1001f355        0x3 
 .rodata.led_pin
                0x1001f358       0x24 c:/MaximSDK/Examples/MAX78000/CNN/rps-demo/build/board.o
                0x1001f358                led_pin
 .rodata.num_leds
                0x1001f37c        0x4 c:/MaximSDK/Examples/MAX78000/CNN/rps-demo/build/board.o
                0x1001f37c                num_leds
 .rodata.num_pbs
                0x1001f380        0x4 c:/MaximSDK/Examples/MAX78000/CNN/rps-demo/build/board.o
                0x1001f380                num_pbs
 .rodata.pb_pin
                0x1001f384       0x18 c:/MaximSDK/Examples/MAX78000/CNN/rps-demo/build/board.o
                0x1001f384                pb_pin
 .rodata.LED_On.str1.4
                0x1001f39c       0x3b c:/MaximSDK/Examples/MAX78000/CNN/rps-demo/build/led.o
 *fill*         0x1001f3d7        0x1 
 .rodata.PB_IntEnable.str1.4
                0x1001f3d8       0x41 c:/MaximSDK/Examples/MAX78000/CNN/rps-demo/build/pb.o
 *fill*         0x1001f419        0x3 
 .rodata.camera_setup.str1.4
                0x1001f41c       0x1b c:/MaximSDK/Examples/MAX78000/CNN/rps-demo/build/camera.o
 *fill*         0x1001f437        0x1 
 .rodata.dump_registers.str1.4
                0x1001f438       0x12 c:/MaximSDK/Examples/MAX78000/CNN/rps-demo/build/ov7692.o
 *fill*         0x1001f44a        0x2 
 .rodata.default_regs
                0x1001f44c       0x5e c:/MaximSDK/Examples/MAX78000/CNN/rps-demo/build/ov7692.o
 *fill*         0x1001f4aa        0x2 
 .rodata.gpio_cfg_scl
                0x1001f4ac        0xc c:/MaximSDK/Examples/MAX78000/CNN/rps-demo/build/sccb.o
 .rodata.gpio_cfg_sda
                0x1001f4b8        0xc c:/MaximSDK/Examples/MAX78000/CNN/rps-demo/build/sccb.o
 .rodata.gpio_cfg_extclk
                0x1001f4c4        0xc C:/MaximSDK/Libraries/PeriphDrivers/bin/MAX78000/softfp/libPeriphDriver_softfp.a(pins_ai85.o)
                0x1001f4c4                gpio_cfg_extclk
 .rodata.gpio_cfg_i2c0
                0x1001f4d0        0xc C:/MaximSDK/Libraries/PeriphDrivers/bin/MAX78000/softfp/libPeriphDriver_softfp.a(pins_ai85.o)
                0x1001f4d0                gpio_cfg_i2c0
 .rodata.gpio_cfg_i2c1
                0x1001f4dc        0xc C:/MaximSDK/Libraries/PeriphDrivers/bin/MAX78000/softfp/libPeriphDriver_softfp.a(pins_ai85.o)
                0x1001f4dc                gpio_cfg_i2c1
 .rodata.gpio_cfg_i2c2
                0x1001f4e8        0xc C:/MaximSDK/Libraries/PeriphDrivers/bin/MAX78000/softfp/libPeriphDriver_softfp.a(pins_ai85.o)
                0x1001f4e8                gpio_cfg_i2c2
 .rodata.gpio_cfg_pcif_P0_BITS_0_7
                0x1001f4f4        0xc C:/MaximSDK/Libraries/PeriphDrivers/bin/MAX78000/softfp/libPeriphDriver_softfp.a(pins_ai85.o)
                0x1001f4f4                gpio_cfg_pcif_P0_BITS_0_7
 .rodata.gpio_cfg_pcif_P0_BITS_8_9
                0x1001f500        0xc C:/MaximSDK/Libraries/PeriphDrivers/bin/MAX78000/softfp/libPeriphDriver_softfp.a(pins_ai85.o)
                0x1001f500                gpio_cfg_pcif_P0_BITS_8_9
 .rodata.gpio_cfg_pcif_P1_BITS_10_11
                0x1001f50c        0xc C:/MaximSDK/Libraries/PeriphDrivers/bin/MAX78000/softfp/libPeriphDriver_softfp.a(pins_ai85.o)
                0x1001f50c                gpio_cfg_pcif_P1_BITS_10_11
 .rodata.gpio_cfg_pcif_hsync
                0x1001f518        0xc C:/MaximSDK/Libraries/PeriphDrivers/bin/MAX78000/softfp/libPeriphDriver_softfp.a(pins_ai85.o)
                0x1001f518                gpio_cfg_pcif_hsync
 .rodata.gpio_cfg_pcif_vsync
                0x1001f524        0xc C:/MaximSDK/Libraries/PeriphDrivers/bin/MAX78000/softfp/libPeriphDriver_softfp.a(pins_ai85.o)
                0x1001f524                gpio_cfg_pcif_vsync
 .rodata.gpio_cfg_pcif_xclk
                0x1001f530        0xc C:/MaximSDK/Libraries/PeriphDrivers/bin/MAX78000/softfp/libPeriphDriver_softfp.a(pins_ai85.o)
                0x1001f530                gpio_cfg_pcif_xclk
 .rodata.gpio_cfg_pt0
                0x1001f53c        0xc C:/MaximSDK/Libraries/PeriphDrivers/bin/MAX78000/softfp/libPeriphDriver_softfp.a(pins_ai85.o)
                0x1001f53c                gpio_cfg_pt0
 .rodata.gpio_cfg_pt1
                0x1001f548        0xc C:/MaximSDK/Libraries/PeriphDrivers/bin/MAX78000/softfp/libPeriphDriver_softfp.a(pins_ai85.o)
                0x1001f548                gpio_cfg_pt1
 .rodata.gpio_cfg_pt2
                0x1001f554        0xc C:/MaximSDK/Libraries/PeriphDrivers/bin/MAX78000/softfp/libPeriphDriver_softfp.a(pins_ai85.o)
                0x1001f554                gpio_cfg_pt2
 .rodata.gpio_cfg_pt3
                0x1001f560        0xc C:/MaximSDK/Libraries/PeriphDrivers/bin/MAX78000/softfp/libPeriphDriver_softfp.a(pins_ai85.o)
                0x1001f560                gpio_cfg_pt3
 .rodata.gpio_cfg_tmr0
                0x1001f56c        0xc C:/MaximSDK/Libraries/PeriphDrivers/bin/MAX78000/softfp/libPeriphDriver_softfp.a(pins_ai85.o)
                0x1001f56c                gpio_cfg_tmr0
 .rodata.gpio_cfg_tmr0b
                0x1001f578        0xc C:/MaximSDK/Libraries/PeriphDrivers/bin/MAX78000/softfp/libPeriphDriver_softfp.a(pins_ai85.o)
                0x1001f578                gpio_cfg_tmr0b
 .rodata.gpio_cfg_tmr1
                0x1001f584        0xc C:/MaximSDK/Libraries/PeriphDrivers/bin/MAX78000/softfp/libPeriphDriver_softfp.a(pins_ai85.o)
                0x1001f584                gpio_cfg_tmr1
 .rodata.gpio_cfg_tmr1b
                0x1001f590        0xc C:/MaximSDK/Libraries/PeriphDrivers/bin/MAX78000/softfp/libPeriphDriver_softfp.a(pins_ai85.o)
                0x1001f590                gpio_cfg_tmr1b
 .rodata.gpio_cfg_tmr2
                0x1001f59c        0xc C:/MaximSDK/Libraries/PeriphDrivers/bin/MAX78000/softfp/libPeriphDriver_softfp.a(pins_ai85.o)
                0x1001f59c                gpio_cfg_tmr2
 .rodata.gpio_cfg_tmr2b
                0x1001f5a8        0xc C:/MaximSDK/Libraries/PeriphDrivers/bin/MAX78000/softfp/libPeriphDriver_softfp.a(pins_ai85.o)
                0x1001f5a8                gpio_cfg_tmr2b
 .rodata.gpio_cfg_tmr3
                0x1001f5b4        0xc C:/MaximSDK/Libraries/PeriphDrivers/bin/MAX78000/softfp/libPeriphDriver_softfp.a(pins_ai85.o)
                0x1001f5b4                gpio_cfg_tmr3
 .rodata.gpio_cfg_tmr3b
                0x1001f5c0        0xc C:/MaximSDK/Libraries/PeriphDrivers/bin/MAX78000/softfp/libPeriphDriver_softfp.a(pins_ai85.o)
                0x1001f5c0                gpio_cfg_tmr3b
 .rodata.gpio_cfg_tmr4
                0x1001f5cc        0xc C:/MaximSDK/Libraries/PeriphDrivers/bin/MAX78000/softfp/libPeriphDriver_softfp.a(pins_ai85.o)